Component: ARM Compiler 5.06 update 6 (build 750) Tool: armlink [4d35ed]

==============================================================================

Section Cross References

    adc.o(i.ADCIntRegister) refers to adc.o(i._ADCIntNumberGet) for _ADCIntNumberGet
    adc.o(i.ADCIntRegister) refers to interrupt.o(i.IntRegister) for IntRegister
    adc.o(i.ADCIntRegister) refers to interrupt.o(i.IntEnable) for IntEnable
    adc.o(i.ADCIntUnregister) refers to adc.o(i._ADCIntNumberGet) for _ADCIntNumberGet
    adc.o(i.ADCIntUnregister) refers to interrupt.o(i.IntDisable) for IntDisable
    adc.o(i.ADCIntUnregister) refers to interrupt.o(i.IntUnregister) for IntUnregister
    adc.o(i.ADCSoftwareOversampleConfigure) refers to adc.o(.data) for g_pui8OversampleFactor
    adc.o(i.ADCSoftwareOversampleDataGet) refers to adc.o(.data) for g_pui8OversampleFactor
    adc.o(i.ADCSoftwareOversampleStepConfigure) refers to adc.o(.data) for g_pui8OversampleFactor
    aes.o(i.AESDataAuth) refers to aes.o(i.AESLengthSet) for AESLengthSet
    aes.o(i.AESDataAuth) refers to aes.o(i.AESDataWrite) for AESDataWrite
    aes.o(i.AESDataAuth) refers to aes.o(i.AESTagRead) for AESTagRead
    aes.o(i.AESDataProcess) refers to aes.o(i.AESLengthSet) for AESLengthSet
    aes.o(i.AESDataProcess) refers to aes.o(i.AESDataWrite) for AESDataWrite
    aes.o(i.AESDataProcess) refers to aes.o(i.AESDataRead) for AESDataRead
    aes.o(i.AESDataProcessAuth) refers to aes.o(i.AESLengthSet) for AESLengthSet
    aes.o(i.AESDataProcessAuth) refers to aes.o(i.AESAuthLengthSet) for AESAuthLengthSet
    aes.o(i.AESDataProcessAuth) refers to aes.o(i.AESDataWrite) for AESDataWrite
    aes.o(i.AESDataProcessAuth) refers to aes.o(i.AESDataRead) for AESDataRead
    aes.o(i.AESDataProcessAuth) refers to aes.o(i.AESTagRead) for AESTagRead
    aes.o(i.AESIntRegister) refers to interrupt.o(i.IntRegister) for IntRegister
    aes.o(i.AESIntRegister) refers to interrupt.o(i.IntEnable) for IntEnable
    aes.o(i.AESIntUnregister) refers to interrupt.o(i.IntDisable) for IntDisable
    aes.o(i.AESIntUnregister) refers to interrupt.o(i.IntUnregister) for IntUnregister
    can.o(i.CANBitRateSet) refers to can.o(.constdata) for g_ui16CANBitValues
    can.o(i.CANIntRegister) refers to can.o(i._CANIntNumberGet) for _CANIntNumberGet
    can.o(i.CANIntRegister) refers to interrupt.o(i.IntRegister) for IntRegister
    can.o(i.CANIntRegister) refers to interrupt.o(i.IntEnable) for IntEnable
    can.o(i.CANIntUnregister) refers to can.o(i._CANIntNumberGet) for _CANIntNumberGet
    can.o(i.CANIntUnregister) refers to interrupt.o(i.IntDisable) for IntDisable
    can.o(i.CANIntUnregister) refers to interrupt.o(i.IntUnregister) for IntUnregister
    can.o(i.CANMessageGet) refers to can.o(i._CANDataRegRead) for _CANDataRegRead
    can.o(i.CANMessageSet) refers to can.o(i._CANDataRegWrite) for _CANDataRegWrite
    comp.o(i.ComparatorIntRegister) refers to interrupt.o(i.IntRegister) for IntRegister
    comp.o(i.ComparatorIntRegister) refers to interrupt.o(i.IntEnable) for IntEnable
    comp.o(i.ComparatorIntUnregister) refers to interrupt.o(i.IntDisable) for IntDisable
    comp.o(i.ComparatorIntUnregister) refers to interrupt.o(i.IntUnregister) for IntUnregister
    crc.o(i.CRCDataProcess) refers to crc.o(i.CRCResultRead) for CRCResultRead
    des.o(i.DESDataProcess) refers to des.o(i.DESDataWriteNonBlocking) for DESDataWriteNonBlocking
    des.o(i.DESDataProcess) refers to des.o(i.DESDataReadNonBlocking) for DESDataReadNonBlocking
    des.o(i.DESIntRegister) refers to interrupt.o(i.IntRegister) for IntRegister
    des.o(i.DESIntRegister) refers to interrupt.o(i.IntEnable) for IntEnable
    des.o(i.DESIntUnregister) refers to interrupt.o(i.IntDisable) for IntDisable
    des.o(i.DESIntUnregister) refers to interrupt.o(i.IntUnregister) for IntUnregister
    eeprom.o(i.EEPROMInit) refers to sysctl.o(.emb_text) for SysCtlDelay
    eeprom.o(i.EEPROMInit) refers to eeprom.o(i._EEPROMWaitForDone) for _EEPROMWaitForDone
    eeprom.o(i.EEPROMInit) refers to sysctl.o(i.SysCtlPeripheralReset) for SysCtlPeripheralReset
    eeprom.o(i.EEPROMIntClear) refers to eeprom.o(i._EEPROMSectorMaskClear) for _EEPROMSectorMaskClear
    eeprom.o(i.EEPROMMassErase) refers to eeprom.o(i._EEPROMSectorMaskClear) for _EEPROMSectorMaskClear
    eeprom.o(i.EEPROMMassErase) refers to eeprom.o(i._EEPROMWaitForDone) for _EEPROMWaitForDone
    eeprom.o(i.EEPROMMassErase) refers to sysctl.o(i.SysCtlPeripheralReset) for SysCtlPeripheralReset
    eeprom.o(i.EEPROMMassErase) refers to sysctl.o(.emb_text) for SysCtlDelay
    eeprom.o(i.EEPROMProgram) refers to eeprom.o(i._EEPROMSectorMaskSet) for _EEPROMSectorMaskSet
    eeprom.o(i.EEPROMProgram) refers to eeprom.o(i._EEPROMSectorMaskClear) for _EEPROMSectorMaskClear
    eeprom.o(i.EEPROMProgramNonBlocking) refers to eeprom.o(i._EEPROMSectorMaskSet) for _EEPROMSectorMaskSet
    eeprom.o(i._EEPROMSectorMaskClear) refers to sysctl.o(.emb_text) for SysCtlDelay
[...]
    OpticalFlow_Position_Err                 0x20000d78   Data           8  namelesscorun_opticalflow.o(.data)
    Optflow_Sync_Cnt                         0x20000d80   Data           2  namelesscorun_opticalflow.o(.data)
    CF_Parameter                             0x20000d84   Data           8  namelesscorun_opticalflow.o(.data)
    RECTANGLE_Duty_Cnt                       0x20000da6   Data           2  namelesscotrun_sdk.o(.data)
    RECTANGLE_Transition_Time                0x20000da8   Data           2  namelesscotrun_sdk.o(.data)
    yellow_barcode                           0x20000daa   Data           1  namelesscotrun_sdk.o(.data)
    yellow_barcode_pos                       0x20000dac   Data           4  namelesscotrun_sdk.o(.data)
    forward_flag                             0x20000db0   Data           1  namelesscotrun_sdk.o(.data)
    SDK_Duty_Cnt                             0x20000db2   Data           2  namelesscotrun_sdk.o(.data)
    SDK_Transition_Time                      0x20000db4   Data           2  namelesscotrun_sdk.o(.data)
    SDK_Now_Mode                             0x20000dc0   Data           1  namelesscotrun_sdk.o(.data)
    SDK_Mode_Set                             0x20000dc1   Data           1  namelesscotrun_sdk.o(.data)
    SDK_Recieve_Flag                         0x20000dc2   Data           1  namelesscotrun_sdk.o(.data)
    SDK_Target                               0x20000dc4   Data           8  namelesscotrun_sdk.o(.data)
    SDK_Target_Offset                        0x20000dcc   Data           8  namelesscotrun_sdk.o(.data)
    SDK_Target_Yaw_Gyro                      0x20000dd4   Data           4  namelesscotrun_sdk.o(.data)
    SDK_Data_Offset                          0x20000dda   Data           2  namelesscotrun_sdk.o(.data)
    OpticalFlow_Pos_Ctrl_Expect              0x20000e2c   Data           8  opticalflow_control.o(.data)
    OpticalFlow_Pos_Ctrl_Err                 0x20000e34   Data           8  opticalflow_control.o(.data)
    OpticalFlow_Pos_Ctrl_Integrate           0x20000e3c   Data           8  opticalflow_control.o(.data)
    OpticalFlow_Pos_Ctrl_Output              0x20000e44   Data           8  opticalflow_control.o(.data)
    OpticalFlow_Ctrl_Expect                  0x20000e4c   Data           8  opticalflow_control.o(.data)
    OpticalFlow_Ctrl_Err                     0x20000e54   Data           8  opticalflow_control.o(.data)
    OpticalFlow_Ctrl_Integrate               0x20000e5c   Data           8  opticalflow_control.o(.data)
    OpticalFlow_Ctrl_Output                  0x20000e64   Data           8  opticalflow_control.o(.data)
    Pitch                                    0x20000e8c   Data           4  sensor.o(.data)
    Roll                                     0x20000e90   Data           4  sensor.o(.data)
    Yaw                                      0x20000e94   Data           4  sensor.o(.data)
    Yaw_Gyro                                 0x20000e98   Data           4  sensor.o(.data)
    Pitch_Gyro                               0x20000e9c   Data           4  sensor.o(.data)
    Roll_Gyro                                0x20000ea0   Data           4  sensor.o(.data)
    Pitch_Observation                        0x20000ea4   Data           4  sensor.o(.data)
    Roll_Observation                         0x20000ea8   Data           4  sensor.o(.data)
    Yaw_Observation                          0x20000eac   Data           4  sensor.o(.data)
    Inclination_Rate                         0x20000eb0   Data           4  sensor.o(.data)
    Gyro_Length                              0x20000eb4   Data           4  sensor.o(.data)
    K                                        0x20000eb8   Data          12  sensor.o(.data)
    Sensor_Flag                              0x20000ec4   Data           5  sensor.o(.data)
    Sin_Pitch                                0x20000ecc   Data           4  sensor.o(.data)
    Sin_Roll                                 0x20000ed0   Data           4  sensor.o(.data)
    Sin_Yaw                                  0x20000ed4   Data           4  sensor.o(.data)
    Cos_Pitch                                0x20000ed8   Data           4  sensor.o(.data)
    Cos_Roll                                 0x20000edc   Data           4  sensor.o(.data)
    Cos_Yaw                                  0x20000ee0   Data           4  sensor.o(.data)
    mag_update_flag                          0x20000ee4   Data           1  sensor.o(.data)
    euler_roll_init                          0x20000ee8   Data           4  sensor.o(.data)
    euler_pitch_init                         0x20000eec   Data           4  sensor.o(.data)
    euler_yaw_init                           0x20000ef0   Data           4  sensor.o(.data)
    q0_init                                  0x20000ef4   Data           4  sensor.o(.data)
    q1_init                                  0x20000ef8   Data           4  sensor.o(.data)
    q2_init                                  0x20000efc   Data           4  sensor.o(.data)
    q3_init                                  0x20000f00   Data           4  sensor.o(.data)
    IMU_Dt                                   0x20000f04   Data           4  sensor.o(.data)
    Yaw_Gyro_Earth_Frame                     0x20000f08   Data           4  sensor.o(.data)
    q0                                       0x20000f0c   Data           4  sensor.o(.data)
    q1                                       0x20000f10   Data           4  sensor.o(.data)
    q2                                       0x20000f14   Data           4  sensor.o(.data)
    q3                                       0x20000f18   Data           4  sensor.o(.data)
    beta                                     0x20000f1c   Data           4  sensor.o(.data)
    gx_delta                                 0x20000f20   Data           4  sensor.o(.data)
    gy_delta                                 0x20000f24   Data           4  sensor.o(.data)
    gz_delta                                 0x20000f28   Data           4  sensor.o(.data)
    kp                                       0x20000f2c   Data           4  sensor.o(.data)
    Yaw_Temp                                 0x20000f30   Data           4  sensor.o(.data)
    Sensor_Time                              0x20000f34   Data           4  sensor.o(.data)
    Mag_Data                                 0x2000126c   Data          12  calibration.o(.bss)
    new_offset                               0x20001278   Data          12  calibration.o(.bss)
    Accel_Offset_Read                        0x20001284   Data          12  calibration.o(.bss)
    Accel_Scale_Read                         0x20001290   Data          12  calibration.o(.bss)
    acce_sample                              0x2000129c   Data          72  calibration.o(.bss)
    Flash_Buf                                0x200012e4   Data          12  calibration.o(.bss)
    Last_Mag_360_Flag                        0x200012f0   Data         108  calibration.o(.bss)
    Mag_360_Flag                             0x2000135c   Data         108  calibration.o(.bss)
    Mag                                      0x200013c8   Data          24  calibration.o(.bss)
    DataMag                                  0x200013e0   Data          12  calibration.o(.bss)
    Mag_Offset_Read                          0x200013ec   Data          12  calibration.o(.bss)
    RC_Calibration                           0x200013f8   Data         128  calibration.o(.bss)
    Hor_Accel_Offset                         0x20001478   Data          12  calibration.o(.bss)
    Light_1                                  0x2000149c   Data          20  bling.o(.bss)
    Light_2                                  0x200014b0   Data          20  bling.o(.bss)
    Light_3                                  0x200014c4   Data          20  bling.o(.bss)
    Light_4                                  0x200014d8   Data          20  bling.o(.bss)
    Ce                                       0x200014ec   Data          40  filter.o(.bss)
    Butter_80HZ_Parameter_Acce               0x20001514   Data          24  filter.o(.bss)
    Butter_60HZ_Parameter_Acce               0x2000152c   Data          24  filter.o(.bss)
    Butter_51HZ_Parameter_Acce               0x20001544   Data          24  filter.o(.bss)
    Butter_30HZ_Parameter_Acce               0x2000155c   Data          24  filter.o(.bss)
    Butter_20HZ_Parameter_Acce               0x20001574   Data          24  filter.o(.bss)
    Butter_15HZ_Parameter_Acce               0x2000158c   Data          24  filter.o(.bss)
    Butter_10HZ_Parameter_Acce               0x200015a4   Data          24  filter.o(.bss)
    Butter_5HZ_Parameter_Acce                0x200015bc   Data          24  filter.o(.bss)
    Butter_2HZ_Parameter_Acce                0x200015d4   Data          24  filter.o(.bss)
    Butter_Buffer                            0x200015ec   Data          72  filter.o(.bss)
    Butter_Buffer_Feedback                   0x20001634   Data          72  filter.o(.bss)
    Butter_Buffer_SINS                       0x2000167c   Data          72  filter.o(.bss)
    Notch_Filter_Buffer                      0x200016c4   Data          12  filter.o(.bss)
    Bandstop_Filter_Buffer                   0x200016d0   Data          48  filter.o(.bss)
    Filter_data                              0x20001700   Data          16  filter.o(.bss)
    tempCoef                                 0x20001710   Data          80  filter.o(.bss)
    Data_X_MAG                               0x20001760   Data          12  filter.o(.bss)
    Data_Y_MAG                               0x2000176c   Data          12  filter.o(.bss)
    Data_Z_MAG                               0x20001778   Data          12  filter.o(.bss)
    Accel_X_Butter_Filter                    0x20001784   Data         272  filter.o(.bss)
    Accel_Y_Butter_Filter                    0x20001894   Data         272  filter.o(.bss)
    Accel_Z_Butter_Filter                    0x200019a4   Data         272  filter.o(.bss)
    Last_GPS_Vel                             0x20001ab4   Data          12  gps.o(.bss)
    GPS_Vel                                  0x20001ac0   Data          12  gps.o(.bss)
    GPS_Vel_Div                              0x20001acc   Data          12  gps.o(.bss)
    GPS_PVT_Parse_Time_Delta                 0x20001ad8   Data          16  gps.o(.bss)
    mag_offset                               0x20001ae8   Data          12  ist8310.o(.bss)
    Mag_Parameter                            0x20001af4   Data          24  ist8310.o(.bss)
    Ins_Accel_Parameter                      0x20001b0c   Data          24  mpu6050.o(.bss)
    Accel_Parameter                          0x20001b24   Data          24  mpu6050.o(.bss)
    Gyro_Parameter                           0x20001b3c   Data          24  mpu6050.o(.bss)
    Calibrate_Parameter                      0x20001b54   Data          24  mpu6050.o(.bss)
    gyro_offset                              0x20001b6c   Data          12  mpu6050.o(.bss)
    Control_Device_Div_LPF_Parameter_For_Gyro 0x20001b78   Data          24  pid.o(.bss)
    Control_Device_Div_LPF_Parameter         0x20001b90   Data          24  pid.o(.bss)
    Control_Device_Err_LPF_Parameter         0x20001ba8   Data          24  pid.o(.bss)
    Control_Device_SDK_Err_LPF_Parameter     0x20001bc0   Data          24  pid.o(.bss)
    Total_Controller                         0x20001bd8   Data        3360  pid.o(.bss)
    PID_Parameter                            0x200028f8   Data         168  pid.o(.bss)
    PID_Parameter_Read_Flag                  0x200029a0   Data          14  pid.o(.bss)
    RC_LPF_Buffer                            0x200029b0   Data          96  rc.o(.bss)
    NamelessQuad                             0x20002a60   Data        1272  sins.o(.bss)
    Origion_NamelessQuad                     0x20002f58   Data        1272  sins.o(.bss)
    accel_feedback_filter_buf                0x20003450   Data          72  sins.o(.bss)
    Acceleration_Feedback                    0x20003498   Data          12  sins.o(.bss)
    SINS_High_Delta                          0x200034a4   Data          16  sins.o(.bss)
    Body_Frame_To_XYZ                        0x200034b4   Data          12  sins.o(.bss)
    Earth_Frame_To_XYZ                       0x200034c0   Data          12  sins.o(.bss)
    GPS_Home                                 0x200034cc   Data          12  sins.o(.bss)
    GPS_Present                              0x200034d8   Data          12  sins.o(.bss)
    K_GPS                                    0x200034e8   Data          32  sins.o(.bss)
    Position_History                         0x20003508   Data         400  sins.o(.bss)
    Vel_History                              0x20003698   Data         400  sins.o(.bss)
    SINS_Horizontal_Delta                    0x20003828   Data          16  sins.o(.bss)
    spl0601                                  0x20003838   Data          44  spl06.o(.bss)
    WP_Sensor                                0x20003864   Data          88  time_cnt.o(.bss)
    Time0_Delta                              0x200038bc   Data          16  time_cnt.o(.bss)
    COM0_Rx_Buf                              0x200038cc   Data         206  usart.o(.bss)
    COM1_Rx_Buf                              0x2000399a   Data         206  usart.o(.bss)
    COM2_Rx_Buf                              0x20003a68   Data         206  usart.o(.bss)
    COM3_Rx_Buf                              0x20003b36   Data         206  usart.o(.bss)
    COM4_Rx_Buf                              0x20003c04   Data         206  usart.o(.bss)
    COM5_Rx_Buf                              0x20003cd2   Data         206  usart.o(.bss)
    COM6_Rx_Buf                              0x20003da0   Data         206  usart.o(.bss)
    COM7_Rx_Buf                              0x20003e6e   Data         206  usart.o(.bss)
    data_to_send                             0x20003f3c   Data          50  usart.o(.bss)
    value                                    0x20003fc0   Data          32  wp_adc.o(.bss)
    Table_Parameter                          0x20003fe0   Data         400  wp_flash.o(.bss)
    tfdata                                   0x20004170   Data          40  tfmini.o(.bss)
    Mag_LS                                   0x20004198   Data          76  calibrationroutines.o(.bss)
    Earth_Frame_Accel_Target                 0x200041e4   Data          12  control_poshold.o(.bss)
    Earth_Frame_Pos_Err                      0x200041f0   Data          12  control_poshold.o(.bss)
    Copyright_License_Data                   0x200041fc   Data          28  copyright.o(.bss)
    CpuID_MSB                                0x20004218   Data          12  copyright.o(.bss)
    CpuID_LSB                                0x20004224   Data          12  copyright.o(.bss)
    Lock_Code                                0x20004230   Data          20  copyright.o(.bss)
    PPM_Databuf                              0x20004244   Data          16  copyright.o(.bss)
    opt_data                                 0x20004264   Data          12  namelesscorun_opticalflow.o(.bss)
    opt_origin_data                          0x20004270   Data          28  namelesscorun_opticalflow.o(.bss)
    OpticalFlow_Parameter                    0x2000428c   Data          24  namelesscorun_opticalflow.o(.bss)
    OpticalFlow_Gyro_Parameter               0x200042a4   Data          24  namelesscorun_opticalflow.o(.bss)
    Buffer_OpticalFlow                       0x200042bc   Data          48  namelesscorun_opticalflow.o(.bss)
    Buffer_OpticalFlow_Gyro                  0x200042ec   Data          48  namelesscorun_opticalflow.o(.bss)
    OpticalFlow_SINS                         0x2000431c   Data        1272  namelesscorun_opticalflow.o(.bss)
    Optical_Delta                            0x20004814   Data          16  namelesscorun_opticalflow.o(.bss)
    RECTANGLE_DUTY_Duty_Status               0x20004824   Data          50  namelesscotrun_sdk.o(.bss)
    SDK_Duty_Status                          0x20004856   Data          50  namelesscotrun_sdk.o(.bss)
    circle_pos_x_delta                       0x200048d4   Data         100  namelesscotrun_sdk.o(.bss)
    circle_pos_y_delta                       0x20004938   Data         100  namelesscotrun_sdk.o(.bss)
    sdk_data_to_send                         0x2000499c   Data          50  namelesscotrun_sdk.o(.bss)
    SDK_Line                                 0x200049ce   Data          14  namelesscotrun_sdk.o(.bss)
    SDK_Point                                0x200049dc   Data          12  namelesscotrun_sdk.o(.bss)
    RxBuffer                                 0x200049e8   Data          50  namelesscotrun_sdk.o(.bss)
    Circle_Angle                             0x20004a1c   Data          12  sensor.o(.bss)
    B                                        0x20004a28   Data          12  sensor.o(.bss)
    rMat                                     0x20004a34   Data          36  sensor.o(.bss)
    Accel_For_Cal                            0x20004a58   Data          12  sensor.o(.bss)
    gyro                                     0x20004a64   Data          12  sensor.o(.bss)
    accel                                    0x20004a70   Data          12  sensor.o(.bss)
    mag                                      0x20004a7c   Data          12  sensor.o(.bss)
    gyro_filter                              0x20004a88   Data          12  sensor.o(.bss)
    accel_filter                             0x20004a94   Data          12  sensor.o(.bss)
    mag_filter                               0x20004aa0   Data          12  sensor.o(.bss)
    gyro_filter_bug                          0x20004aac   Data          12  sensor.o(.bss)
    gyro_bpf_filter                          0x20004ab8   Data          12  sensor.o(.bss)
    accel_bpf_filter                         0x20004ac4   Data          12  sensor.o(.bss)
    accel_bpf_filter_bug                     0x20004ad0   Data          12  sensor.o(.bss)
    ins_accel_filter                         0x20004adc   Data          12  sensor.o(.bss)
    ins_accel_filter_buf                     0x20004ae8   Data          72  sensor.o(.bss)
    gyro_filter_buf_bug                      0x20004b30   Data          72  sensor.o(.bss)
    gyro_filter_buf                          0x20004b78   Data          72  sensor.o(.bss)
    accel_filter_buf                         0x20004bc0   Data          72  sensor.o(.bss)
    mag_filter_buf                           0x20004c08   Data          72  sensor.o(.bss)
    accel_cal_filter_buf                     0x20004c50   Data          72  sensor.o(.bss)
    accel_for_cal_filter_buf                 0x20004c98   Data          72  sensor.o(.bss)
    gyro_bpf_filter_buf                      0x20004ce0   Data          72  sensor.o(.bss)
    accel_bpf_filter_buf                     0x20004d28   Data          72  sensor.o(.bss)
    accel_bpf_filter_buf_bug                 0x20004d70   Data          72  sensor.o(.bss)
    Imu_Delta                                0x20004db8   Data          16  sensor.o(.bss)
    T1                                       0x20004dc8   Data          16  sensor.o(.bss)
    T2                                       0x20004dd8   Data          16  sensor.o(.bss)
    __libspace_start                         0x20004de8   Data          96  libspace.o(.bss)
    __temporary_stack_top$libspace           0x20004e48   Data           0  libspace.o(.bss)



==============================================================================

Memory Map of the image

  Image Entry point : 0x00000289

  Load Region LR_IROM1 (Base: 0x00000000, Size: 0x000216e0, Max: 0x00040000, ABSOLUTE, COMPRESSED[0x000207f8])

    Execution Region ER_IROM1 (Exec base: 0x00000000, Load base: 0x00000000, Size: 0x00020474, Max: 0x00040000, ABSOLUTE)

    Exec Addr    Load Addr    Size         Type   Attr      Idx    E Section Name        Object

    0x00000000   0x00000000   0x00000288   Code   RO         6038    RESET               startup_rvmdk.o
    0x00000288   0x00000288   0x00000008   Code   RO         9971  * !!!main             c_wu.l(__main.o)
    0x00000290   0x00000290   0x00000034   Code   RO        10522    !!!scatter          c_wu.l(__scatter.o)
    0x000002c4   0x000002c4   0x0000005a   Code   RO        10520    !!dczerorl2         c_wu.l(__dczerorl2.o)
    0x0000031e   0x0000031e   0x00000002   PAD
    0x00000320   0x00000320   0x0000001c   Code   RO        10524    !!handler_zi        c_wu.l(__scatter_zi.o)
    0x0000033c   0x0000033c   0x00000002   Code   RO        10455    .ARM.Collect$$libinit$$00000000  c_wu.l(libinit.o)
    0x0000033e   0x0000033e   0x00000004   Code   RO        10249    .ARM.Collect$$libinit$$00000001  c_wu.l(libinit2.o)
    0x00000342   0x00000342   0x00000000   Code   RO        10252    .ARM.Collect$$libinit$$00000004  c_wu.l(libinit2.o)
    0x00000342   0x00000342   0x00000000   Code   RO        10255    .ARM.Collect$$libinit$$0000000A  c_wu.l(libinit2.o)
    0x00000342   0x00000342   0x00000000   Code   RO        10257    .ARM.Collect$$libinit$$0000000C  c_wu.l(libinit2.o)
    0x00000342   0x00000342   0x00000000   Code   RO        10259    .ARM.Collect$$libinit$$0000000E  c_wu.l(libinit2.o)
    0x00000342   0x00000342   0x00000000   Code   RO        10262    .ARM.Collect$$libinit$$00000011  c_wu.l(libinit2.o)
    0x00000342   0x00000342   0x00000000   Code   RO        10264    .ARM.Collect$$libinit$$00000013  c_wu.l(libinit2.o)
    0x00000342   0x00000342   0x00000000   Code   RO        10266    .ARM.Collect$$libinit$$00000015  c_wu.l(libinit2.o)
    0x00000342   0x00000342   0x00000000   Code   RO        10268    .ARM.Collect$$libinit$$00000017  c_wu.l(libinit2.o)
    0x00000342   0x00000342   0x00000000   Code   RO        10270    .ARM.Collect$$libinit$$00000019  c_wu.l(libinit2.o)
    0x00000342   0x00000342   0x00000000   Code   RO        10272    .ARM.Collect$$libinit$$0000001B  c_wu.l(libinit2.o)
    0x00000342   0x00000342   0x00000000   Code   RO        10274    .ARM.Collect$$libinit$$0000001D  c_wu.l(libinit2.o)
    0x00000342   0x00000342   0x00000000   Code   RO        10276    .ARM.Collect$$libinit$$0000001F  c_wu.l(libinit2.o)
    0x00000342   0x00000342   0x00000000   Code   RO        10278    .ARM.Collect$$libinit$$00000021  c_wu.l(libinit2.o)
    0x00000342   0x00000342   0x00000000   Code   RO        10280    .ARM.Collect$$libinit$$00000023  c_wu.l(libinit2.o)
    0x00000342   0x00000342   0x00000000   Code   RO        10282    .ARM.Collect$$libinit$$00000025  c_wu.l(libinit2.o)
    0x00000342   0x00000342   0x00000000   Code   RO        10286    .ARM.Collect$$libinit$$0000002C  c_wu.l(libinit2.o)
    0x00000342   0x00000342   0x00000000   Code   RO        10288    .ARM.Collect$$libinit$$0000002E  c_wu.l(libinit2.o)
    0x00000342   0x00000342   0x00000000   Code   RO        10290    .ARM.Collect$$libinit$$00000030  c_wu.l(libinit2.o)
    0x00000342   0x00000342   0x00000000   Code   RO        10292    .ARM.Collect$$libinit$$00000032  c_wu.l(libinit2.o)
    0x00000342   0x00000342   0x00000002   Code   RO        10293    .ARM.Collect$$libinit$$00000033  c_wu.l(libinit2.o)
    0x00000344   0x00000344   0x00000002   Code   RO        10517    .ARM.Collect$$libshutdown$$00000000  c_wu.l(libshutdown.o)
    0x00000346   0x00000346   0x00000000   Code   RO        10471    .ARM.Collect$$libshutdown$$00000002  c_wu.l(libshutdown2.o)
    0x00000346   0x00000346   0x00000000   Code   RO        10473    .ARM.Collect$$libshutdown$$00000004  c_wu.l(libshutdown2.o)
    0x00000346   0x00000346   0x00000000   Code   RO        10476    .ARM.Collect$$libshutdown$$00000007  c_wu.l(libshutdown2.o)
    0x00000346   0x00000346   0x00000000   Code   RO        10479    .ARM.Collect$$libshutdown$$0000000A  c_wu.l(libshutdown2.o)
    0x00000346   0x00000346   0x00000000   Code   RO        10481    .ARM.Collect$$libshutdown$$0000000C  c_wu.l(libshutdown2.o)
    0x00000346   0x00000346   0x00000000   Code   RO        10484    .ARM.Collect$$libshutdown$$0000000F  c_wu.l(libshutdown2.o)
    0x00000346   0x00000346   0x00000002   Code   RO        10485    .ARM.Collect$$libshutdown$$00000010  c_wu.l(libshutdown2.o)
    0x00000348   0x00000348   0x00000000   Code   RO        10219    .ARM.Collect$$rtentry$$00000000  c_wu.l(__rtentry.o)
    0x00000348   0x00000348   0x00000000   Code   RO        10389    .ARM.Collect$$rtentry$$00000002  c_wu.l(__rtentry2.o)
    0x00000348   0x00000348   0x00000006   Code   RO        10401    .ARM.Collect$$rtentry$$00000004  c_wu.l(__rtentry4.o)
    0x0000034e   0x0000034e   0x00000000   Code   RO        10391    .ARM.Collect$$rtentry$$00000009  c_wu.l(__rtentry2.o)
    0x0000034e   0x0000034e   0x00000004   Code   RO        10392    .ARM.Collect$$rtentry$$0000000A  c_wu.l(__rtentry2.o)
    0x00000352   0x00000352   0x00000000   Code   RO        10394    .ARM.Collect$$rtentry$$0000000C  c_wu.l(__rtentry2.o)
    0x00000352   0x00000352   0x00000008   Code   RO        10395    .ARM.Collect$$rtentry$$0000000D  c_wu.l(__rtentry2.o)
    0x0000035a   0x0000035a   0x00000002   Code   RO        10460    .ARM.Collect$$rtexit$$00000000  c_wu.l(rtexit.o)
    0x0000035c   0x0000035c   0x00000000   Code   RO        10491    .ARM.Collect$$rtexit$$00000002  c_wu.l(rtexit2.o)
    0x0000035c   0x0000035c   0x00000004   Code   RO        10492    .ARM.Collect$$rtexit$$00000003  c_wu.l(rtexit2.o)
    0x00000360   0x00000360   0x00000006   Code   RO        10493    .ARM.Collect$$rtexit$$00000004  c_wu.l(rtexit2.o)
    0x00000366   0x00000366   0x00000002   PAD
    0x00000368   0x00000368   0x00000026   Code   RO          651    .emb_text           cpu.o
    0x0000038e   0x0000038e   0x00000002   PAD
    0x00000390   0x00000390   0x00000006   Code   RO         3864    .emb_text           sysctl.o
    0x00000396   0x00000396   0x00000002   PAD
    0x00000398   0x00000398   0x00000018   Code   RO         6039    .text               startup_rvmdk.o
    0x000003b0   0x000003b0   0x0000004e   Code   RO         9900    .text               c_wu.l(h1_free.o)
    0x000003fe   0x000003fe   0x00000002   PAD
    0x00000400   0x00000400   0x00000024   Code   RO         9956    .text               c_wu.l(ANSI_rand.o)
    0x00000424   0x00000424   0x0000008a   Code   RO         9959    .text               c_wu.l(rt_memcpy_v6.o)
    0x000004ae   0x000004ae   0x00000008   Code   RO         9961    .text               c_wu.l(memcpy.o)
    0x000004b6   0x000004b6   0x00000064   Code   RO         9963    .text               c_wu.l(rt_memcpy_w.o)
    0x0000051a   0x0000051a   0x00000044   Code   RO         9965    .text               c_wu.l(rt_memclr.o)
    0x0000055e   0x0000055e   0x0000004e   Code   RO         9967    .text               c_wu.l(rt_memclr_w.o)
    0x000005ac   0x000005ac   0x00000006   Code   RO         9969    .text               c_wu.l(heapauxi.o)
    0x000005b2   0x000005b2   0x00000002   PAD
    0x000005b4   0x000005b4   0x00000008   Code   RO        10223    .text               c_wu.l(rt_heap_descriptor_intlibspace.o)
    0x000005bc   0x000005bc   0x00000016   Code   RO        10245    .text               c_wu.l(_rserrno.o)
    0x000005d2   0x000005d2   0x00000002   PAD
    0x000005d4   0x000005d4   0x00000008   Code   RO        10385    .text               c_wu.l(libspace.o)
    0x000005dc   0x000005dc   0x00000008   Code   RO        10406    .text               c_wu.l(rt_errno_addr_intlibspace.o)
    0x000005e4   0x000005e4   0x00000002   Code   RO        10431    .text               c_wu.l(use_no_semi.o)
    0x000005e6   0x000005e6   0x00000000   Code   RO        10433    .text               c_wu.l(indicate_semi.o)
    0x000005e6   0x000005e6   0x0000004a   Code   RO        10434    .text               c_wu.l(sys_stackheap_outer.o)
    0x00000630   0x00000630   0x00000012   Code   RO        10440    .text               c_wu.l(exit.o)
    0x00000642   0x00000642   0x00000002   PAD
    0x00000644   0x00000644   0x0000000c   Code   RO        10458    .text               c_wu.l(sys_exit.o)
    0x00000650   0x00000650   0x00000008   Code   RO           10    i.ADCIntClear       adc.o
    0x00000658   0x00000658   0x00000036   Code   RO           17    i.ADCIntStatus      adc.o
    0x0000068e   0x0000068e   0x00000018   Code   RO           22    i.ADCProcessorTrigger  adc.o
    0x000006a6   0x000006a6   0x0000002c   Code   RO           25    i.ADCSequenceConfigure  adc.o
    0x000006d2   0x000006d2   0x00000022   Code   RO           28    i.ADCSequenceDataGet  adc.o
    0x000006f4   0x000006f4   0x0000000c   Code   RO           30    i.ADCSequenceEnable  adc.o
    0x00000700   0x00000700   0x00000076   Code   RO           33    i.ADCSequenceStepConfigure  adc.o
    0x00000776   0x00000776   0x00000002   PAD
    0x00000778   0x00000778   0x00000054   Code   RO         7958    i.ADC_Init          wp_adc.o
    0x000007cc   0x000007cc   0x00000e94   Code   RO         7772    i.ANO_DT_Data_Receive_Anl  usart.o
    0x00001660   0x00001660   0x000000e8   Code   RO         7773    i.ANO_DT_Data_Receive_Prepare  usart.o
    0x00001748   0x00001748   0x00000048   Code   RO         7774    i.ANO_DT_Send_Check  usart.o
    0x00001790   0x00001790   0x000000fc   Code   RO         7775    i.ANO_DT_Send_GPSData  usart.o
    0x0000188c   0x0000188c   0x00000240   Code   RO         7776    i.ANO_DT_Send_PID   usart.o
    0x00001acc   0x00001acc   0x00000168   Code   RO         7777    i.ANO_DT_Send_RCData  usart.o
    0x00001c34   0x00001c34   0x00000180   Code   RO         7778    i.ANO_DT_Send_Senser  usart.o
    0x00001db4   0x00001db4   0x00000178   Code   RO         7779    i.ANO_Data_Send_Status  usart.o
    0x00001f2c   0x00001f2c   0x000003e8   Code   RO         7780    i.ANO_SEND_StateMachine  usart.o
    0x00002314   0x00002314   0x000002cc   Code   RO         6111    i.Accel_Calibartion  calibration.o
    0x000025e0   0x000025e0   0x00000468   Code   RO         6112    i.Accel_Calibration_Check  calibration.o
    0x00002a48   0x00002a48   0x00000124   Code   RO         9080    i.Angle_Control     wp_ctrl.o
    0x00002b6c   0x00002b6c   0x0000000c   Code   RO         9081    i.Attitude_Control  wp_ctrl.o
    0x00002b78   0x00002b78   0x0000004c   Code   RO         6307    i.Bling_Init        bling.o
    0x00002bc4   0x00002bc4   0x0000007e   Code   RO         6308    i.Bling_Process     bling.o
    0x00002c42   0x00002c42   0x0000001e   Code   RO         6309    i.Bling_Set         bling.o
    0x00002c60   0x00002c60   0x00000180   Code   RO         6310    i.Bling_Working     bling.o
    0x00002de0   0x00002de0   0x000000c4   Code   RO         6364    i.Butterworth_Parameter_Init  filter.o
    0x00002ea4   0x00002ea4   0x00000164   Code   RO         6113    i.Calibrate_Find_Delta  calibration.o
    0x00003008   0x00003008   0x00000044   Code   RO         6114    i.Calibrate_Reset_Matrices  calibration.o
    0x0000304c   0x0000304c   0x000000f6   Code   RO         6115    i.Calibrate_Update_Matrices  calibration.o
    0x00003142   0x00003142   0x00000002   PAD
    0x00003144   0x00003144   0x000002a8   Code   RO         6116    i.Calibrate_accel   calibration.o
    0x000033ec   0x000033ec   0x0000008c   Code   RO         9082    i.CarryPilot_Control  wp_ctrl.o
    0x00003478   0x00003478   0x00000034   Code   RO         6118    i.Check_Calibration_Flag  calibration.o
    0x000034ac   0x000034ac   0x000001c8   Code   RO         6119    i.Check_Plane_Sampling_Okay  calibration.o
    0x00003674   0x00003674   0x00000030   Code   RO         9832    i.Compass_Init      compass.o
    0x000036a4   0x000036a4   0x000000d4   Code   RO         9833    i.Compass_Read_Data  compass.o
    0x00003778   0x00003778   0x00000114   Code   RO         6951    i.Config_Init_Uart  opticalflow_lc306.o
    0x0000388c   0x0000388c   0x00000070   Code   RO         7781    i.ConfigureUART0    usart.o
    0x000038fc   0x000038fc   0x00000074   Code   RO         7782    i.ConfigureUART1    usart.o
    0x00003970   0x00003970   0x00000094   Code   RO         7783    i.ConfigureUART2    usart.o
    0x00003a04   0x00003a04   0x00000074   Code   RO         7784    i.ConfigureUART3    usart.o
    0x00003a78   0x00003a78   0x00000084   Code   RO         7785    i.ConfigureUART6    usart.o
    0x00003afc   0x00003afc   0x000000dc   Code   RO         7786    i.ConfigureUART7    usart.o
    0x00003bd8   0x00003bd8   0x0000006e   Code   RO         6972    i.Control_Device_LPF  pid.o
    0x00003c46   0x00003c46   0x00000002   PAD
    0x00003c48   0x00003c48   0x000006e0   Code   RO         9083    i.Control_Output    wp_ctrl.o
    0x00004328   0x00004328   0x000003cc   Code   RO         9084    i.Controler_Mode_Select  wp_ctrl.o
    0x000046f4   0x000046f4   0x000001fc   Code   RO         9180    i.Copyright_Show    copyright.o
    0x000048f0   0x000048f0   0x0000000c   Code   RO         7620    i.Delay_Ms          time.o
    0x000048fc   0x000048fc   0x00000028   Code   RO         6638    i.Double_ReadI2C    myiic.o
    0x00004924   0x00004924   0x00000044   Code   RO          831    i.EEPROMInit        eeprom.o
    0x00004968   0x00004968   0x000000c8   Code   RO          837    i.EEPROMProgram     eeprom.o
    0x00004a30   0x00004a30   0x00000038   Code   RO          839    i.EEPROMRead        eeprom.o
    0x00004a68   0x00004a68   0x00000014   Code   RO         7989    i.EEPROM_Init       wp_flash.o
    0x00004a7c   0x00004a7c   0x0000014c   Code   RO         6120    i.ESC_Calibration   calibration.o
    0x00004bc8   0x00004bc8   0x000001c8   Code   RO         6121    i.ESC_Calibration_Check  calibration.o
    0x00004d90   0x00004d90   0x000000fc   Code   RO         9181    i.ESC_HardWave_Init  copyright.o
    0x00004e8c   0x00004e8c   0x00000438   Code   RO         9746    i.Euler_Angle_Init  sensor.o
    0x000052c4   0x000052c4   0x00000a14   Code   RO         9747    i.Euler_Angle_Init_Again  sensor.o
    0x00005cd8   0x00005cd8   0x00000014   Code   RO         1768    i.FPUEnable         fpu.o
    0x00005cec   0x00005cec   0x00000014   Code   RO         1771    i.FPULazyStackingEnable  fpu.o
    0x00005d00   0x00005d00   0x00000194   Code   RO         8074    i.FastTan           wp_math.o
    0x00005e94   0x00005e94   0x00000032   Code   RO         1835    i.GPIODirModeSet    gpio.o
    0x00005ec6   0x00005ec6   0x00000006   Code   RO         1836    i.GPIOIntClear      gpio.o
    0x00005ecc   0x00005ecc   0x0000000c   Code   RO         1838    i.GPIOIntEnable     gpio.o
    0x00005ed8   0x00005ed8   0x0000001e   Code   RO         1839    i.GPIOIntRegister   gpio.o
    0x00005ef6   0x00005ef6   0x00000066   Code   RO         1842    i.GPIOIntTypeSet    gpio.o
    0x00005f5c   0x00005f5c   0x00000156   Code   RO         1845    i.GPIOPadConfigSet  gpio.o
    0x000060b2   0x000060b2   0x00000002   PAD
    0x000060b4   0x000060b4   0x00000050   Code   RO         1846    i.GPIOPinConfigure  gpio.o
    0x00006104   0x00006104   0x0000000c   Code   RO         1847    i.GPIOPinRead       gpio.o
    0x00006110   0x00006110   0x0000001e   Code   RO         1848    i.GPIOPinTypeADC    gpio.o
    0x0000612e   0x0000612e   0x0000001e   Code   RO         1856    i.GPIOPinTypeGPIOInput  gpio.o
    0x0000614c   0x0000614c   0x0000001e   Code   RO         1857    i.GPIOPinTypeGPIOOutput  gpio.o
    0x0000616a   0x0000616a   0x0000001e   Code   RO         1859    i.GPIOPinTypeI2C    gpio.o
    0x00006188   0x00006188   0x0000001e   Code   RO         1860    i.GPIOPinTypeI2CSCL  gpio.o
    0x000061a6   0x000061a6   0x0000001e   Code   RO         1868    i.GPIOPinTypePWM    gpio.o
    0x000061c4   0x000061c4   0x0000001e   Code   RO         1872    i.GPIOPinTypeUART   gpio.o
    0x000061e2   0x000061e2   0x0000000a   Code   RO         1878    i.GPIOPinWrite      gpio.o
    0x000061ec   0x000061ec   0x00000010   Code   RO         6312    i.GPIO_SetBits      bling.o
    0x000061fc   0x000061fc   0x000000d4   Code   RO         7412    i.GPSData_Sort      sins.o
    0x000062d0   0x000062d0   0x00000050   Code   RO         6499    i.GPS_Data_Prase    gps.o
    0x00006320   0x00006320   0x0000069c   Code   RO         6500    i.GPS_PVT_Parse     gps.o
    0x000069bc   0x000069bc   0x00000044   Code   RO         8950    i.GPS_ok            control_land.o
    0x00006a00   0x00006a00   0x000000e8   Code   RO         9748    i.Get_Baro_Offset   sensor.o
    0x00006ae8   0x00006ae8   0x000000c4   Code   RO         7959    i.Get_Battery_Voltage  wp_adc.o
    0x00006bac   0x00006bac   0x0000049c   Code   RO         9749    i.Get_Status_Feedback  sensor.o
    0x00007048   0x00007048   0x00000050   Code   RO         7317    i.Get_Thr_Rate      rc.o
    0x00007098   0x00007098   0x000000ac   Code   RO         6365    i.GildeAverageValueFilter_MAG  filter.o
    0x00007144   0x00007144   0x0000001c   Code   RO         8857    i.Ground_Sensor_Statemachine  tfmini.o
    0x00007160   0x00007160   0x000001c4   Code   RO         6122    i.Gyro_Calibration_Check  calibration.o
    0x00007324   0x00007324   0x000002ec   Code   RO         9085    i.Gyro_Control      wp_ctrl.o
    0x00007610   0x00007610   0x0000006a   Code   RO         7758    i.HardWave_Init     system.o
    0x0000767a   0x0000767a   0x00000002   PAD
    0x0000767c   0x0000767c   0x00000278   Code   RO         6124    i.Horizontal_Calibration_Check  calibration.o
    0x000078f4   0x000078f4   0x00000054   Code   RO         6125    i.Horizontal_Calibration_Init  calibration.o
    0x00007948   0x00007948   0x00000012   Code   RO         2489    i.I2CMasterBusy     i2c.o
    0x0000795a   0x0000795a   0x00000004   Code   RO         2490    i.I2CMasterControl  i2c.o
    0x0000795e   0x0000795e   0x00000006   Code   RO         2491    i.I2CMasterDataGet  i2c.o
    0x00007964   0x00007964   0x00000004   Code   RO         2492    i.I2CMasterDataPut  i2c.o
    0x00007968   0x00007968   0x0000000a   Code   RO         2494    i.I2CMasterEnable   i2c.o
    0x00007972   0x00007972   0x00000002   PAD
    0x00007974   0x00007974   0x0000005c   Code   RO         2497    i.I2CMasterInitExpClk  i2c.o
    0x000079d0   0x000079d0   0x00000008   Code   RO         2507    i.I2CMasterSlaveAddrSet  i2c.o
    0x000079d8   0x000079d8   0x000000a8   Code   RO         6601    i.IMU_Calibration   mpu6050.o
    0x00007a80   0x00007a80   0x00000060   Code   RO         6639    i.Init_I2C          myiic.o
    0x00007ae0   0x00007ae0   0x000000f4   Code   RO         6602    i.Init_MPU6050      mpu6050.o
    0x00007bd4   0x00007bd4   0x00000188   Code   RO         8218    i.Init_PWM          wp_pwm.o
    0x00007d5c   0x00007d5c   0x00000074   Code   RO         2817    i.IntEnable         interrupt.o
    0x00007dd0   0x00007dd0   0x00000010   Code   RO         2820    i.IntMasterEnable   interrupt.o
    0x00007de0   0x00007de0   0x00000034   Code   RO         2828    i.IntPrioritySet    interrupt.o
    0x00007e14   0x00007e14   0x0000003c   Code   RO         2829    i.IntRegister       interrupt.o
    0x00007e50   0x00007e50   0x00000664   Code   RO         7413    i.KalmanFilter      sins.o
    0x000084b4   0x000084b4   0x00000460   Code   RO         7414    i.KalmanFilter_Horizontal  sins.o
    0x00008914   0x00008914   0x00000a40   Code   RO         7415    i.KalmanFilter_Horizontal_GPS  sins.o
    0x00009354   0x00009354   0x0000006c   Code   RO         6571    i.Key_Init          key.o
    0x000093c0   0x000093c0   0x000000cc   Code   RO         6572    i.Key_Scan          key.o
    0x0000948c   0x0000948c   0x00000038   Code   RO         6739    i.LCD_CLS           oled.o
    0x000094c4   0x000094c4   0x00000048   Code   RO         6741    i.LCD_P6x8Char      oled.o
    0x0000950c   0x0000950c   0x00000064   Code   RO         6742    i.LCD_P6x8Str       oled.o
    0x00009570   0x00009570   0x0000007c   Code   RO         6743    i.LCD_P8x16Char     oled.o
    0x000095ec   0x000095ec   0x00000088   Code   RO         6744    i.LCD_P8x16Str      oled.o
    0x00009674   0x00009674   0x00000028   Code   RO         6745    i.LCD_Set_Pos       oled.o
    0x0000969c   0x0000969c   0x00000068   Code   RO         6746    i.LCD_WrCmd         oled.o
    0x00009704   0x00009704   0x0000005c   Code   RO         6747    i.LCD_WrDat         oled.o
    0x00009760   0x00009760   0x00000036   Code   RO         6748    i.LCD_clear_L       oled.o
    0x00009796   0x00009796   0x0000006e   Code   RO         6366    i.LPButterworth     filter.o
    0x00009804   0x00009804   0x000000fc   Code   RO         8882    i.LS_Accumulate     calibrationroutines.o
    0x00009900   0x00009900   0x0000057c   Code   RO         8883    i.LS_Calculate      calibrationroutines.o
    0x00009e7c   0x00009e7c   0x0000000e   Code   RO         8884    i.LS_Init           calibrationroutines.o
    0x00009e8a   0x00009e8a   0x00000080   Code   RO         6603    i.MPU6050_Read_Data  mpu6050.o
    0x00009f0a   0x00009f0a   0x00000002   PAD
    0x00009f0c   0x00009f0c   0x000000c0   Code   RO         6604    i.MPU6050_Read_Temperature  mpu6050.o
    0x00009fcc   0x00009fcc   0x000008c4   Code   RO         9750    i.Madgwick_AHRS_Update_IMU  sensor.o
    0x0000a890   0x0000a890   0x000004b0   Code   RO         6127    i.Mag_Calibartion_LS  calibration.o
    0x0000ad40   0x0000ad40   0x00000390   Code   RO         6128    i.Mag_Calibration_Check  calibration.o
    0x0000b0d0   0x0000b0d0   0x000001bc   Code   RO         9086    i.Main_Leading_Control  wp_ctrl.o
    0x0000b28c   0x0000b28c   0x00000038   Code   RO         9535    i.NCQ_SDK_Reset     namelesscotrun_sdk.o
    0x0000b2c4   0x0000b2c4   0x00000064   Code   RO         6755    i.OLED_Init         oled.o
    0x0000b328   0x0000b328   0x00000060   Code   RO         6756    i.OLED_Init_Fast    oled.o
    0x0000b388   0x0000b388   0x000001f4   Code   RO         9751    i.Observation_Angle_Calculate  sensor.o
    0x0000b57c   0x0000b57c   0x0000031c   Code   RO         7416    i.Observation_Tradeoff  sins.o
    0x0000b898   0x0000b898   0x00000220   Code   RO         9488    i.Optflow_Prase     namelesscorun_opticalflow.o
    0x0000bab8   0x0000bab8   0x00000068   Code   RO         9489    i.Optflow_Statemachine  namelesscorun_opticalflow.o
    0x0000bb20   0x0000bb20   0x00000300   Code   RO         9490    i.OpticalFlow_CF    namelesscorun_opticalflow.o
    0x0000be20   0x0000be20   0x000005a8   Code   RO         9667    i.OpticalFlow_Control  opticalflow_control.o
    0x0000c3c8   0x0000c3c8   0x00000100   Code   RO         9668    i.OpticalFlow_Control_Pure  opticalflow_control.o
    0x0000c4c8   0x0000c4c8   0x00000048   Code   RO         9669    i.OpticalFlow_Ctrl_Reset  opticalflow_control.o
    0x0000c510   0x0000c510   0x00000074   Code   RO         9670    i.OpticalFlow_Expect_Speed_Mapping  opticalflow_control.o
    0x0000c584   0x0000c584   0x0000002c   Code   RO         9491    i.OpticalFlow_Init  namelesscorun_opticalflow.o
    0x0000c5b0   0x0000c5b0   0x00000088   Code   RO         9671    i.OpticalFlow_Pos_Control  opticalflow_control.o
    0x0000c638   0x0000c638   0x0000005c   Code   RO         9492    i.OpticalFlow_Rotate_Complementary_Filter  namelesscorun_opticalflow.o
    0x0000c694   0x0000c694   0x00000044   Code   RO         9672    i.OpticalFlow_SINS_Reset  opticalflow_control.o
    0x0000c6d8   0x0000c6d8   0x0000024c   Code   RO         9675    i.OpticalFlow_Vel_Control  opticalflow_control.o
    0x0000c924   0x0000c924   0x00000134   Code   RO         9676    i.OpticalFlow_Y_Vel_Control  opticalflow_control.o
    0x0000ca58   0x0000ca58   0x000001dc   Code   RO         6974    i.PID_Control       pid.o
    0x0000cc34   0x0000cc34   0x000002e8   Code   RO         6975    i.PID_Control_Div_LPF  pid.o
    0x0000cf1c   0x0000cf1c   0x00000330   Code   RO         6976    i.PID_Control_Div_LPF_For_Gyro  pid.o
    0x0000d24c   0x0000d24c   0x00000214   Code   RO         6977    i.PID_Control_Err_LPF  pid.o
    0x0000d460   0x0000d460   0x00000258   Code   RO         6978    i.PID_Control_SDK_Err_LPF  pid.o
    0x0000d6b8   0x0000d6b8   0x0000022c   Code   RO         6979    i.PID_Control_Yaw   pid.o
    0x0000d8e4   0x0000d8e4   0x00000174   Code   RO         6980    i.PID_Init          pid.o
    0x0000da58   0x0000da58   0x00000010   Code   RO         6981    i.PID_Integrate_Reset  pid.o
    0x0000da68   0x0000da68   0x00000048   Code   RO         6982    i.PID_LPF_Reset     pid.o
    0x0000dab0   0x0000dab0   0x0000039c   Code   RO         6983    i.PID_Paramter_Init_With_Flash  pid.o
    0x0000de4c   0x0000de4c   0x0000004c   Code   RO         9182    i.PPM_Init          copyright.o
    0x0000de98   0x0000de98   0x00000030   Code   RO         3189    i.PWMGenConfigure   pwm.o
    0x0000dec8   0x0000dec8   0x0000000a   Code   RO         3191    i.PWMGenEnable      pwm.o
    0x0000ded2   0x0000ded2   0x00000016   Code   RO         3204    i.PWMGenPeriodSet   pwm.o
    0x0000dee8   0x0000dee8   0x00000014   Code   RO         3211    i.PWMOutputState    pwm.o
    0x0000defc   0x0000defc   0x00000026   Code   RO         3214    i.PWMPulseWidthSet  pwm.o
    0x0000df22   0x0000df22   0x00000002   PAD
    0x0000df24   0x0000df24   0x00000070   Code   RO         8219    i.PWM_Output        wp_pwm.o
    0x0000df94   0x0000df94   0x0000039c   Code   RO         6130    i.Parameter_Init    calibration.o
    0x0000e330   0x0000e330   0x000000f8   Code   RO         9183    i.PortFIntHandler   copyright.o
    0x0000e428   0x0000e428   0x000024c0   Code   RO         6573    i.QuadShow          key.o
    0x000108e8   0x000108e8   0x00000070   Code   RO         6313    i.Quad_Start_Bling  bling.o
    0x00010958   0x00010958   0x000005ec   Code   RO         9752    i.Quaternion_Init   sensor.o
    0x00010f44   0x00010f44   0x0000016c   Code   RO         6131    i.RC_Calibration_Check  calibration.o
    0x000110b0   0x000110b0   0x0000019c   Code   RO         6132    i.RC_Calibration_Init  calibration.o
    0x0001124c   0x0001124c   0x00000034   Code   RO         6133    i.RC_Calibration_RESET  calibration.o
    0x00011280   0x00011280   0x00000060   Code   RO         6134    i.RC_Calibration_Trigger  calibration.o
    0x000112e0   0x000112e0   0x00000054   Code   RO         7318    i.RC_Data_LPF_Filter  rc.o
    0x00011334   0x00011334   0x00000080   Code   RO         7319    i.RC_Scale_Set      rc.o
    0x000113b4   0x000113b4   0x00000012   Code   RO         7990    i.ReadFlashParameterALL  wp_flash.o
    0x000113c6   0x000113c6   0x00000012   Code   RO         7991    i.ReadFlashParameterOne  wp_flash.o
    0x000113d8   0x000113d8   0x00000034   Code   RO         7992    i.ReadFlashParameterThree  wp_flash.o
    0x0001140c   0x0001140c   0x00000020   Code   RO         7993    i.ReadFlashParameterTwo  wp_flash.o
    0x0001142c   0x0001142c   0x00000038   Code   RO         9538    i.Rectangle_Reset   namelesscotrun_sdk.o
    0x00011464   0x00011464   0x00000c38   Code   RO         7320    i.Remote_Control    rc.o
    0x0001209c   0x0001209c   0x0000006c   Code   RO         6135    i.Reset_Accel_Calibartion  calibration.o
    0x00012108   0x00012108   0x00000050   Code   RO         6136    i.Reset_Mag_Calibartion  calibration.o
    0x00012158   0x00012158   0x00000018   Code   RO         6137    i.Reset_RC_Calibartion  calibration.o
    0x00012170   0x00012170   0x00000032   Code   RO         7362    i.RingBuf_Write     ringbuf.o
    0x000121a2   0x000121a2   0x0000000a   Code   RO         7363    i.RingBuff_Init     ringbuf.o
    0x000121ac   0x000121ac   0x00000018   Code   RO         9539    i.SDK_DT_Send_Check  namelesscotrun_sdk.o
    0x000121c4   0x000121c4   0x00000014   Code   RO         9540    i.SDK_DT_Send_Data  namelesscotrun_sdk.o
    0x000121d8   0x000121d8   0x00000044   Code   RO         9543    i.SDK_Init          namelesscotrun_sdk.o
    0x0001221c   0x0001221c   0x00000020   Code   RO         9544    i.SDK_Line_DT_Reset  namelesscotrun_sdk.o
    0x0001223c   0x0001223c   0x00000014   Code   RO         9545    i.SDK_Point_DT_Reset  namelesscotrun_sdk.o
    0x00012250   0x00012250   0x00000050   Code   RO         9677    i.SDK_Pos_Ctrl_Reset  opticalflow_control.o
    0x000122a0   0x000122a0   0x0000021c   Code   RO         7417    i.SINS_Prepare      sins.o
    0x000124bc   0x000124bc   0x00000008   Code   RO         7517    i.SPL06_Init        spl06.o
    0x000124c4   0x000124c4   0x00000028   Code   RO         7518    i.SPL06_Read_Data   spl06.o
    0x000124ec   0x000124ec   0x000006e0   Code   RO         6984    i.Save_Or_Reset_PID_Parameter  pid.o
    0x00012bcc   0x00012bcc   0x0000005c   Code   RO         6985    i.Save_PID_Parameter  pid.o
    0x00012c28   0x00012c28   0x00000058   Code   RO         9184    i.Schedule_init     copyright.o
    0x00012c80   0x00012c80   0x00000014   Code   RO         6952    i.SensorConfig_UartSend  opticalflow_lc306.o
    0x00012c94   0x00012c94   0x00000454   Code   RO         9753    i.Sensor_Update     sensor.o
    0x000130e8   0x000130e8   0x000000d4   Code   RO         6368    i.Set_Cutoff_Frequency  filter.o
    0x000131bc   0x000131bc   0x00000100   Code   RO         7418    i.Set_GPS_Home      sins.o
    0x000132bc   0x000132bc   0x0000000c   Code   RO         6501    i.Set_GPS_USART     gps.o
    0x000132c8   0x000132c8   0x00000038   Code   RO         9852    i.Simulation_PWM_Init  temperature_ctrl.o
    0x00013300   0x00013300   0x00000044   Code   RO         9853    i.Simulation_PWM_Output  temperature_ctrl.o
    0x00013344   0x00013344   0x00000010   Code   RO         6641    i.Single_ReadI2C    myiic.o
    0x00013354   0x00013354   0x00000014   Code   RO         6642    i.Single_WriteI2C   myiic.o
    0x00013368   0x00013368   0x000001f4   Code   RO         7419    i.Strapdown_INS_High_Kalman  sins.o
    0x0001355c   0x0001355c   0x000000b0   Code   RO         7420    i.Strapdown_INS_Reset  sins.o
    0x0001360c   0x0001360c   0x00000010   Code   RO         7622    i.SycTickHandler    time.o
    0x0001361c   0x0001361c   0x00000108   Code   RO         3869    i.SysCtlClockGet    sysctl.o
    0x00013724   0x00013724   0x0000013c   Code   RO         3871    i.SysCtlClockSet    sysctl.o
    0x00013860   0x00013860   0x00000014   Code   RO         3895    i.SysCtlPWMClockSet  sysctl.o
    0x00013874   0x00013874   0x00000034   Code   RO         3900    i.SysCtlPeripheralEnable  sysctl.o
    0x000138a8   0x000138a8   0x00000038   Code   RO         3904    i.SysCtlPeripheralReady  sysctl.o
    0x000138e0   0x000138e0   0x00000070   Code   RO         3905    i.SysCtlPeripheralReset  sysctl.o
    0x00013950   0x00013950   0x00000012   Code   RO         4273    i.SysTickEnable     systick.o
    0x00013962   0x00013962   0x00000012   Code   RO         4275    i.SysTickIntEnable  systick.o
    0x00013974   0x00013974   0x0000001e   Code   RO         4276    i.SysTickIntRegister  systick.o
    0x00013992   0x00013992   0x0000000a   Code   RO         4279    i.SysTickPeriodSet  systick.o
    0x0001399c   0x0001399c   0x00000020   Code   RO         9185    i.System_Start_Init  copyright.o
    0x000139bc   0x000139bc   0x000001d8   Code   RO         8858    i.TFmini_Statemachine  tfmini.o
    0x00013b94   0x00013b94   0x00000054   Code   RO         7693    i.TIMER0A_Handler   time_cnt.o
    0x00013be8   0x00013be8   0x00000074   Code   RO         9186    i.TIMER1A_Handler   copyright.o
    0x00013c5c   0x00013c5c   0x00000050   Code   RO         6986    i.Take_Off_Reset    pid.o
    0x00013cac   0x00013cac   0x00000070   Code   RO         9546    i.Task_Reset        namelesscotrun_sdk.o
    0x00013d1c   0x00013d1c   0x0000006c   Code   RO         9854    i.Temperature_Ctrl  temperature_ctrl.o
    0x00013d88   0x00013d88   0x00000134   Code   RO         9855    i.Temperature_Ctrl_Init  temperature_ctrl.o
    0x00013ebc   0x00013ebc   0x0000003c   Code   RO         9856    i.Temperature_State_Check  temperature_ctrl.o
    0x00013ef8   0x00013ef8   0x00000048   Code   RO         7398    i.Test_Period       schedule.o
    0x00013f40   0x00013f40   0x000000b8   Code   RO         8919    i.Thr_Push_Over_Deadband  control_althold.o
    0x00013ff8   0x00013ff8   0x00000080   Code   RO         8920    i.Thr_Scale_Set     control_althold.o
    0x00014078   0x00014078   0x00000254   Code   RO         9087    i.Throttle_Angle_Compensate  wp_ctrl.o
    0x000142cc   0x000142cc   0x00000068   Code   RO         6987    i.Throttle_Control_Reset  pid.o
    0x00014334   0x00014334   0x00000064   Code   RO         7694    i.Time_init         time_cnt.o
    0x00014398   0x00014398   0x00000060   Code   RO         4339    i.TimerConfigure    timer.o
    0x000143f8   0x000143f8   0x0000000e   Code   RO         4347    i.TimerDisable      timer.o
    0x00014406   0x00014406   0x0000000e   Code   RO         4348    i.TimerEnable       timer.o
    0x00014414   0x00014414   0x00000004   Code   RO         4349    i.TimerIntClear     timer.o
    0x00014418   0x00014418   0x00000008   Code   RO         4351    i.TimerIntEnable    timer.o
    0x00014420   0x00014420   0x00000026   Code   RO         4352    i.TimerIntRegister  timer.o
    0x00014446   0x00014446   0x00000010   Code   RO         4357    i.TimerLoadSet      timer.o
    0x00014456   0x00014456   0x0000000c   Code   RO         9088    i.Total_Control     wp_ctrl.o
    0x00014462   0x00014462   0x00000002   PAD
    0x00014464   0x00014464   0x00000128   Code   RO         6988    i.Total_PID_Init    pid.o
    0x0001458c   0x0001458c   0x0000003c   Code   RO         7787    i.UART0_IRQHandler  usart.o
    0x000145c8   0x000145c8   0x00000034   Code   RO         7788    i.UART1_IRQHandler  usart.o
    0x000145fc   0x000145fc   0x00000050   Code   RO         7789    i.UART2_IRQHandler  usart.o
    0x0001464c   0x0001464c   0x00000034   Code   RO         7790    i.UART3_IRQHandler  usart.o
    0x00014680   0x00014680   0x0000003c   Code   RO         7791    i.UART6_IRQHandler  usart.o
    0x000146bc   0x000146bc   0x0000005c   Code   RO         7792    i.UART7_IRQHandler  usart.o
    0x00014718   0x00014718   0x00000012   Code   RO         4582    i.UARTCharGet       uart.o
    0x0001472a   0x0001472a   0x00000010   Code   RO         4584    i.UARTCharPut       uart.o
    0x0001473a   0x0001473a   0x0000000c   Code   RO         4586    i.UARTCharsAvail    uart.o
    0x00014746   0x00014746   0x00000006   Code   RO         4588    i.UARTClockSourceSet  uart.o
    0x0001474c   0x0001474c   0x0000004c   Code   RO         4590    i.UARTConfigSetExpClk  uart.o
    0x00014798   0x00014798   0x00000020   Code   RO         4593    i.UARTDisable       uart.o
    0x000147b8   0x000147b8   0x00000014   Code   RO         4595    i.UARTEnable        uart.o
    0x000147cc   0x000147cc   0x0000000a   Code   RO         4597    i.UARTFIFODisable   uart.o
    0x000147d6   0x000147d6   0x00000004   Code   RO         4603    i.UARTIntClear      uart.o
    0x000147da   0x000147da   0x00000008   Code   RO         4605    i.UARTIntEnable     uart.o
    0x000147e2   0x000147e2   0x0000001e   Code   RO         4606    i.UARTIntRegister   uart.o
    0x00014800   0x00014800   0x0000000c   Code   RO         4607    i.UARTIntStatus     uart.o
    0x0001480c   0x0001480c   0x0000006c   Code   RO         6044    i.UARTStdioConfig   uartstdio.o
    0x00014878   0x00014878   0x0000001a   Code   RO         6047    i.UARTprintf        uartstdio.o
    0x00014892   0x00014892   0x00000002   PAD
    0x00014894   0x00014894   0x00000250   Code   RO         6048    i.UARTvprintf       uartstdio.o
    0x00014ae4   0x00014ae4   0x00000040   Code   RO         6049    i.UARTwrite         uartstdio.o
    0x00014b24   0x00014b24   0x00000020   Code   RO         7793    i.USART0_Send       usart.o
    0x00014b44   0x00014b44   0x00000020   Code   RO         7794    i.USART1_Send       usart.o
    0x00014b64   0x00014b64   0x0000000c   Code   RO         6502    i.USART2_Init       gps.o
    0x00014b70   0x00014b70   0x00000020   Code   RO         7795    i.USART2_Send       usart.o
    0x00014b90   0x00014b90   0x00000020   Code   RO         7796    i.USART3_Send       usart.o
    0x00014bb0   0x00014bb0   0x0000001a   Code   RO         7722    i.US_100_Distance   us_100.o
    0x00014bca   0x00014bca   0x00000002   PAD
    0x00014bcc   0x00014bcc   0x00000010   Code   RO         7723    i.US_100_Start      us_100.o
    0x00014bdc   0x00014bdc   0x000001bc   Code   RO         7724    i.US_100_Statemachine  us_100.o
    0x00014d98   0x00014d98   0x0000011c   Code   RO         6503    i.Ublox_Set_Output_PVT_10hz_Baud_Set  gps.o
    0x00014eb4   0x00014eb4   0x00000014   Code   RO         9089    i.Value_Limit       wp_ctrl.o
    0x00014ec8   0x00014ec8   0x00000084   Code   RO         7799    i.Vcan_Send         usart.o
    0x00014f4c   0x00014f4c   0x00000080   Code   RO         7421    i.Vector_From_BodyFrame2EarthFrame  sins.o
    0x00014fcc   0x00014fcc   0x00000468   Code   RO         9187    i.Version_Declaration  copyright.o
    0x00015434   0x00015434   0x00000040   Code   RO         9188    i.WP_Init           copyright.o
    0x00015474   0x00015474   0x00000058   Code   RO         9754    i.WP_Quad_Init      sensor.o
    0x000154cc   0x000154cc   0x0000002e   Code   RO         7996    i.WriteFlashParameter  wp_flash.o
    0x000154fa   0x000154fa   0x0000004a   Code   RO         7997    i.WriteFlashParameter_Three  wp_flash.o
    0x00015544   0x00015544   0x0000003c   Code   RO         7998    i.WriteFlashParameter_Two  wp_flash.o
    0x00015580   0x00015580   0x00000038   Code   RO          842    i._EEPROMSectorMaskClear  eeprom.o
    0x000155b8   0x000155b8   0x00000040   Code   RO          843    i._EEPROMSectorMaskSet  eeprom.o
    0x000155f8   0x000155f8   0x00000014   Code   RO          844    i._EEPROMWaitForDone  eeprom.o
    0x0001560c   0x0001560c   0x0000004c   Code   RO         1879    i._GPIOIntNumberGet  gpio.o
    0x00015658   0x00015658   0x00000058   Code   RO         4372    i._TimerIntNumberGet  timer.o
    0x000156b0   0x000156b0   0x0000004c   Code   RO         4622    i._UARTIntNumberGet  uart.o
    0x000156fc   0x000156fc   0x00000030   Code   RO        10328    i.__ARM_fpclassify  m_wm.l(fpclassify.o)
    0x0001572c   0x0001572c   0x00000026   Code   RO        10330    i.__ARM_fpclassifyf  m_wm.l(fpclassifyf.o)
    0x00015752   0x00015752   0x0000000e   Code   RO         6138    i.__ARM_isnanf      calibration.o
    0x00015760   0x00015760   0x0000000e   Code   RO         6989    i.__ARM_isnanf      pid.o
    0x0001576e   0x0001576e   0x0000000e   Code   RO         7423    i.__ARM_isnanf      sins.o
    0x0001577c   0x0001577c   0x0000000e   Code   RO         8076    i.__ARM_isnanf      wp_math.o
    0x0001578a   0x0001578a   0x00000006   PAD
    0x00015790   0x00015790   0x00000360   Code   RO        10023    i.__hardfp_asin     m_wm.l(asin.o)
    0x00015af0   0x00015af0   0x000002d8   Code   RO        10049    i.__hardfp_atan     m_wm.l(atan.o)
    0x00015dc8   0x00015dc8   0x000001f0   Code   RO        10063    i.__hardfp_atan2    m_wm.l(atan2.o)
    0x00015fb8   0x00015fb8   0x000000c8   Code   RO        10081    i.__hardfp_cos      m_wm.l(cos.o)
    0x00016080   0x00016080   0x00000150   Code   RO        10093    i.__hardfp_cosf     m_wm.l(cosf.o)
    0x000161d0   0x000161d0   0x00000070   Code   RO        10111    i.__hardfp_floorf   m_wm.l(floorf.o)
    0x00016240   0x00016240   0x00000c50   Code   RO        10129    i.__hardfp_pow      m_wm.l(pow.o)
    0x00016e90   0x00016e90   0x00000664   Code   RO        10143    i.__hardfp_powf     m_wm.l(powf.o)
    0x000174f4   0x000174f4   0x00000004   PAD
    0x000174f8   0x000174f8   0x000000c8   Code   RO        10157    i.__hardfp_sin      m_wm.l(sin.o)
    0x000175c0   0x000175c0   0x0000007a   Code   RO        10169    i.__hardfp_sqrt     m_wm.l(sqrt.o)
    0x0001763a   0x0001763a   0x0000003a   Code   RO        10181    i.__hardfp_sqrtf    m_wm.l(sqrtf.o)
    0x00017674   0x00017674   0x0000017c   Code   RO        10205    i.__hardfp_tanf     m_wm.l(tanf.o)
    0x000177f0   0x000177f0   0x00000438   Code   RO        10363    i.__ieee754_rem_pio2  m_wm.l(rred.o)
    0x00017c28   0x00017c28   0x00000170   Code   RO        10311    i.__kernel_cos      m_wm.l(cos_i.o)
    0x00017d98   0x00017d98   0x000000f8   Code   RO        10360    i.__kernel_poly     m_wm.l(poly.o)
    0x00017e90   0x00017e90   0x00000130   Code   RO        10371    i.__kernel_sin      m_wm.l(sin_i.o)
    0x00017fc0   0x00017fc0   0x00000030   Code   RO        10314    i.__mathlib_dbl_divzero  m_wm.l(dunder.o)
    0x00017ff0   0x00017ff0   0x00000014   Code   RO        10315    i.__mathlib_dbl_infnan  m_wm.l(dunder.o)
    0x00018004   0x00018004   0x00000014   Code   RO        10316    i.__mathlib_dbl_infnan2  m_wm.l(dunder.o)
    0x00018018   0x00018018   0x00000020   Code   RO        10317    i.__mathlib_dbl_invalid  m_wm.l(dunder.o)
    0x00018038   0x00018038   0x00000020   Code   RO        10318    i.__mathlib_dbl_overflow  m_wm.l(dunder.o)
    0x00018058   0x00018058   0x00000020   Code   RO        10320    i.__mathlib_dbl_underflow  m_wm.l(dunder.o)
    0x00018078   0x00018078   0x00000014   Code   RO        10332    i.__mathlib_flt_divzero  m_wm.l(funder.o)
    0x0001808c   0x0001808c   0x00000006   Code   RO        10333    i.__mathlib_flt_infnan  m_wm.l(funder.o)
    0x00018092   0x00018092   0x00000006   Code   RO        10334    i.__mathlib_flt_infnan2  m_wm.l(funder.o)
    0x00018098   0x00018098   0x00000010   Code   RO        10335    i.__mathlib_flt_invalid  m_wm.l(funder.o)
    0x000180a8   0x000180a8   0x00000010   Code   RO        10336    i.__mathlib_flt_overflow  m_wm.l(funder.o)
    0x000180b8   0x000180b8   0x00000010   Code   RO        10338    i.__mathlib_flt_underflow  m_wm.l(funder.o)
    0x000180c8   0x000180c8   0x00000154   Code   RO        10368    i.__mathlib_rredf2  m_wm.l(rredf.o)
    0x0001821c   0x0001821c   0x000000a0   Code   RO         9039    i.accel_to_lean_angles  control_poshold.o
    0x000182bc   0x000182bc   0x00000030   Code   RO         8951    i.alt_handmove_check  control_land.o
    0x000182ec   0x000182ec   0x00000010   Code   RO        10051    i.atan              m_wm.l(atan.o)
    0x000182fc   0x000182fc   0x00000020   Code   RO         9547    i.auto_altland      namelesscotrun_sdk.o
    0x0001831c   0x0001831c   0x00000054   Code   RO         8077    i.constrain_float   wp_math.o
    0x00018370   0x00018370   0x00000016   Code   RO         7321    i.constrain_int16_t  rc.o
    0x00018386   0x00018386   0x00000012   Code   RO         7623    i.delay             time.o
    0x00018398   0x00018398   0x00000018   Code   RO         7624    i.delayMicroseconds  time.o
    0x000183b0   0x000183b0   0x0000000c   Code   RO         7625    i.delay_ms          time.o
    0x000183bc   0x000183bc   0x00000038   Code   RO         8341    i.draw_oled         ssd1306.o
    0x000183f4   0x000183f4   0x00000018   Code   RO        10107    i.fabs              m_wm.l(fabs.o)
    0x0001840c   0x0001840c   0x00000038   Code   RO         8081    i.fast_atan         wp_math.o
    0x00018444   0x00018444   0x00000194   Code   RO         9153    i.get_declination   earth_declination.o
    0x000185d8   0x000185d8   0x0000005c   Code   RO         7424    i.get_distance      sins.o
    0x00018634   0x00018634   0x00000154   Code   RO         9154    i.get_lookup_value  earth_declination.o
    0x00018788   0x00018788   0x00000058   Code   RO         6647    i.i2cRead           myiic.o
    0x000187e0   0x000187e0   0x00000014   Code   RO         6649    i.i2cWrite          myiic.o
    0x000187f4   0x000187f4   0x00000080   Code   RO         6650    i.i2cWriteData      myiic.o
    0x00018874   0x00018874   0x0000030c   Code   RO         9755    i.imuComputeRotationMatrix  sensor.o
    0x00018b80   0x00018b80   0x0000002c   Code   RO         7627    i.initTime          time.o
    0x00018bac   0x00018bac   0x0000003c   Code   RO         9756    i.invSqrt           sensor.o
    0x00018be8   0x00018be8   0x00000360   Code   RO         8952    i.land_althold      control_land.o
    0x00018f48   0x00018f48   0x0000046e   Code   RO         8953    i.land_gps_run      control_land.o
    0x000193b6   0x000193b6   0x00000002   PAD
    0x000193b8   0x000193b8   0x00000104   Code   RO         8954    i.land_nogps_run    control_land.o
    0x000194bc   0x000194bc   0x000000f4   Code   RO         8955    i.land_pos_sort     control_land.o
    0x000195b0   0x000195b0   0x00000424   Code   RO         8956    i.land_poshold      control_land.o
    0x000199d4   0x000199d4   0x00000060   Code   RO         8957    i.land_reset        control_land.o
    0x00019a34   0x00019a34   0x00000014   Code   RO         8958    i.land_run          control_land.o
    0x00019a48   0x00019a48   0x00000114   Code   RO         8959    i.land_state_check  control_land.o
    0x00019b5c   0x00019b5c   0x000000e8   Code   RO         8960    i.landon_earth_check  control_land.o
    0x00019c44   0x00019c44   0x00000058   Code   RO         7425    i.location_diff     sins.o
    0x00019c9c   0x00019c9c   0x00000090   Code   RO         7426    i.longitude_scale   sins.o
    0x00019d2c   0x00019d2c   0x00000054   Code   RO         5792    i.main              main.o
    0x00019d80   0x00019d80   0x0000000c   Code   RO         7628    i.micros            time.o
    0x00019d8c   0x00019d8c   0x000001c8   Code   RO         9550    i.move_with_xy_target  namelesscotrun_sdk.o
    0x00019f54   0x00019f54   0x00000268   Code   RO         9551    i.move_with_z_target  namelesscotrun_sdk.o
    0x0001a1bc   0x0001a1bc   0x0000037c   Code   RO         8921    i.ncq_control_althold  control_althold.o
    0x0001a538   0x0001a538   0x00000074   Code   RO         9042    i.ncq_speed_mapping  control_poshold.o
    0x0001a5ac   0x0001a5ac   0x000000f4   Code   RO         6378    i.pascalTriangle    filter.o
    0x0001a6a0   0x0001a6a0   0x00000006   Code   RO         9155    i.pgm_read_byte_far  earth_declination.o
    0x0001a6a6   0x0001a6a6   0x00000002   PAD
    0x0001a6a8   0x0001a6a8   0x00000020   Code   RO         8961    i.pos_handmove_check  control_land.o
    0x0001a6c8   0x0001a6c8   0x00000034   Code   RO         8083    i.pythagorous2      wp_math.o
    0x0001a6fc   0x0001a6fc   0x00000094   Code   RO         9189    i.random_get        copyright.o
    0x0001a790   0x0001a790   0x00000414   Code   RO         9552    i.rectangle_duty    namelesscotrun_sdk.o
    0x0001aba4   0x0001aba4   0x00000184   Code   RO         9553    i.rotate_with_yaw_target  namelesscotrun_sdk.o
    0x0001ad28   0x0001ad28   0x000001e4   Code   RO         7519    i.spl0601_get_calib_param  spl06.o
    0x0001af0c   0x0001af0c   0x000000dc   Code   RO         7520    i.spl0601_get_pressure  spl06.o
    0x0001afe8   0x0001afe8   0x0000006c   Code   RO         7521    i.spl0601_get_raw_pressure  spl06.o
    0x0001b054   0x0001b054   0x00000070   Code   RO         7522    i.spl0601_get_raw_temp  spl06.o
    0x0001b0c4   0x0001b0c4   0x00000094   Code   RO         7523    i.spl0601_get_temperature  spl06.o
    0x0001b158   0x0001b158   0x00000044   Code   RO         7524    i.spl0601_init      spl06.o
    0x0001b19c   0x0001b19c   0x00000144   Code   RO         7525    i.spl0601_rateset   spl06.o
    0x0001b2e0   0x0001b2e0   0x00000014   Code   RO         7526    i.spl0601_read      spl06.o
    0x0001b2f4   0x0001b2f4   0x00000012   Code   RO         7527    i.spl0601_start_continuous  spl06.o
    0x0001b306   0x0001b306   0x00000014   Code   RO         7530    i.spl0601_write     spl06.o
    0x0001b31a   0x0001b31a   0x0000000a   Code   RO         8088    i.sq                wp_math.o
    0x0001b324   0x0001b324   0x0000006e   Code   RO        10171    i.sqrt              m_wm.l(sqrt.o)
    0x0001b392   0x0001b392   0x00000002   PAD
    0x0001b394   0x0001b394   0x0000015c   Code   RO         8343    i.ssd1306_begin     ssd1306.o
    0x0001b4f0   0x0001b4f0   0x00000014   Code   RO         8344    i.ssd1306_clear_display  ssd1306.o
    0x0001b504   0x0001b504   0x0000000c   Code   RO         8345    i.ssd1306_command   ssd1306.o
    0x0001b510   0x0001b510   0x0000002c   Code   RO         8349    i.ssd1306_display   ssd1306.o
    0x0001b53c   0x0001b53c   0x00000104   Code   RO         8353    i.ssd1306_draw_circle  ssd1306.o
    0x0001b640   0x0001b640   0x000000bc   Code   RO         8356    i.ssd1306_draw_fast_hline_internal  ssd1306.o
    0x0001b6fc   0x0001b6fc   0x000000a8   Code   RO         8357    i.ssd1306_draw_fast_vline  ssd1306.o
    0x0001b7a4   0x0001b7a4   0x00000190   Code   RO         8358    i.ssd1306_draw_fast_vline_internal  ssd1306.o
    0x0001b934   0x0001b934   0x000000ce   Code   RO         8359    i.ssd1306_draw_line  ssd1306.o
    0x0001ba02   0x0001ba02   0x00000002   PAD
    0x0001ba04   0x0001ba04   0x0000011c   Code   RO         8360    i.ssd1306_draw_pixel  ssd1306.o
    0x0001bb20   0x0001bb20   0x00000030   Code   RO         8365    i.ssd1306_fill_circle  ssd1306.o
    0x0001bb50   0x0001bb50   0x000000c6   Code   RO         8366    i.ssd1306_fill_circle_helper  ssd1306.o
    0x0001bc16   0x0001bc16   0x00000002   PAD
    0x0001bc18   0x0001bc18   0x0000000c   Code   RO         8374    i.ssd1306_height    ssd1306.o
    0x0001bc24   0x0001bc24   0x0000000c   Code   RO         8389    i.ssd1306_width     ssd1306.o
    0x0001bc30   0x0001bc30   0x00000068   Code   RO         7531    i.user_spl0601_get  spl06.o
    0x0001bc98   0x0001bc98   0x000002d4   Code   RO         6765    i.write_6_8_number  oled.o
    0x0001bf6c   0x0001bf6c   0x00000184   Code   RO         6766    i.write_8_16_number  oled.o
    0x0001c0f0   0x0001c0f0   0x00000034   Code   RO         7800    i.wust_sendware     usart.o
    0x0001c124   0x0001c124   0x00000018   Code   RO         9973    x$fpl$basic         fz_wm.l(basic.o)
    0x0001c13c   0x0001c13c   0x00000062   Code   RO         9975    x$fpl$d2f           fz_wm.l(d2f.o)
    0x0001c19e   0x0001c19e   0x00000002   PAD
    0x0001c1a0   0x0001c1a0   0x00000150   Code   RO         9977    x$fpl$dadd          fz_wm.l(daddsub_clz.o)
    0x0001c2f0   0x0001c2f0   0x00000010   Code   RO        10425    x$fpl$dcheck1       fz_wm.l(dcheck1.o)
    0x0001c300   0x0001c300   0x00000018   Code   RO        10294    x$fpl$dcmpinf       fz_wm.l(dcmpi.o)
    0x0001c318   0x0001c318   0x000002b0   Code   RO         9984    x$fpl$ddiv          fz_wm.l(ddiv.o)
    0x0001c5c8   0x0001c5c8   0x0000005e   Code   RO         9987    x$fpl$dfix          fz_wm.l(dfix.o)
    0x0001c626   0x0001c626   0x00000002   PAD
    0x0001c628   0x0001c628   0x0000005a   Code   RO         9991    x$fpl$dfixu         fz_wm.l(dfixu.o)
    0x0001c682   0x0001c682   0x0000002e   Code   RO         9996    x$fpl$dflt          fz_wm.l(dflt_clz.o)
    0x0001c6b0   0x0001c6b0   0x00000026   Code   RO         9995    x$fpl$dfltu         fz_wm.l(dflt_clz.o)
    0x0001c6d6   0x0001c6d6   0x00000002   PAD
    0x0001c6d8   0x0001c6d8   0x00000078   Code   RO        10001    x$fpl$dleqf         fz_wm.l(dleqf.o)
    0x0001c750   0x0001c750   0x00000154   Code   RO        10003    x$fpl$dmul          fz_wm.l(dmul.o)
    0x0001c8a4   0x0001c8a4   0x0000009c   Code   RO        10296    x$fpl$dnaninf       fz_wm.l(dnaninf.o)
    0x0001c940   0x0001c940   0x0000000c   Code   RO        10298    x$fpl$dretinf       fz_wm.l(dretinf.o)
    0x0001c94c   0x0001c94c   0x0000006c   Code   RO        10005    x$fpl$drleqf        fz_wm.l(drleqf.o)
    0x0001c9b8   0x0001c9b8   0x00000016   Code   RO         9978    x$fpl$drsb          fz_wm.l(daddsub_clz.o)
    0x0001c9ce   0x0001c9ce   0x00000002   PAD
    0x0001c9d0   0x0001c9d0   0x00000198   Code   RO        10300    x$fpl$dsqrt         fz_wm.l(dsqrt_umaal.o)
    0x0001cb68   0x0001cb68   0x000001d4   Code   RO         9979    x$fpl$dsub          fz_wm.l(daddsub_clz.o)
    0x0001cd3c   0x0001cd3c   0x00000056   Code   RO        10007    x$fpl$f2d           fz_wm.l(f2d.o)
    0x0001cd92   0x0001cd92   0x0000008c   Code   RO        10302    x$fpl$fnaninf       fz_wm.l(fnaninf.o)
    0x0001ce1e   0x0001ce1e   0x0000000a   Code   RO        10429    x$fpl$fpinit        fz_wm.l(fpinit.o)
    0x0001ce28   0x0001ce28   0x0000000a   Code   RO        10304    x$fpl$fretinf       fz_wm.l(fretinf.o)
    0x0001ce32   0x0001ce32   0x00000064   Code   RO        10456    x$fpl$retnan        fz_wm.l(retnan.o)
    0x0001ce96   0x0001ce96   0x0000005c   Code   RO        10308    x$fpl$scalbn        fz_wm.l(scalbn.o)
    0x0001cef2   0x0001cef2   0x00000030   Code   RO        10486    x$fpl$trapveneer    fz_wm.l(trapv.o)
    0x0001cf22   0x0001cf22   0x00000000   Code   RO        10310    x$fpl$usenofp       fz_wm.l(usenofp.o)
    0x0001cf22   0x0001cf22   0x00000002   PAD
    0x0001cf24   0x0001cf24   0x00000210   Data   RO         1880    .constdata          gpio.o
    0x0001d134   0x0001d134   0x0000010c   Data   RO         2833    .constdata          interrupt.o
    0x0001d240   0x0001d240   0x000001cc   Data   RO         3923    .constdata          sysctl.o
    0x0001d40c   0x0001d40c   0x000000a0   Data   RO         4373    .constdata          timer.o
    0x0001d4ac   0x0001d4ac   0x00000080   Data   RO         4623    .constdata          uart.o
    0x0001d52c   0x0001d52c   0x0000001c   Data   RO         6050    .constdata          uartstdio.o
    0x0001d548   0x0001d548   0x00000090   Data   RO         6140    .constdata          calibration.o
    0x0001d5d8   0x0001d5d8   0x0000026c   Data   RO         6505    .constdata          gps.o
    0x0001d844   0x0001d844   0x000018f8   Data   RO         6768    .constdata          oled.o
    0x0001f13c   0x0001f13c   0x00000146   Data   RO         6953    .constdata          opticalflow_lc306.o
    0x0001f282   0x0001f282   0x00000002   PAD
    0x0001f284   0x0001f284   0x000005a0   Data   RO         6991    .constdata          pid.o
    0x0001f824   0x0001f824   0x000007d0   Data   RO         9156    .constdata          earth_declination.o
    0x0001fff4   0x0001fff4   0x00000050   Data   RO         9857    .constdata          temperature_ctrl.o
    0x00020044   0x00020044   0x00000004   PAD
    0x00020048   0x00020048   0x00000050   Data   RO        10026    .constdata          m_wm.l(asin.o)
    0x00020098   0x00020098   0x00000098   Data   RO        10052    .constdata          m_wm.l(atan.o)
    0x00020130   0x00020130   0x00000088   Data   RO        10132    .constdata          m_wm.l(pow.o)
    0x000201b8   0x000201b8   0x00000140   Data   RO        10146    .constdata          m_wm.l(powf.o)
    0x000202f8   0x000202f8   0x00000030   Data   RO        10312    .constdata          m_wm.l(cos_i.o)
    0x00020328   0x00020328   0x00000008   Data   RO        10362    .constdata          m_wm.l(qnan.o)
    0x00020330   0x00020330   0x000000c8   Data   RO        10365    .constdata          m_wm.l(rred.o)
    0x000203f8   0x000203f8   0x00000020   Data   RO        10369    .constdata          m_wm.l(rredf.o)
    0x00020418   0x00020418   0x00000028   Data   RO        10372    .constdata          m_wm.l(sin_i.o)
    0x00020440   0x00020440   0x00000011   Data   RO         6051    .conststring        uartstdio.o
    0x00020451   0x00020451   0x00000003   PAD
    0x00020454   0x00020454   0x00000020   Data   RO        10518    Region$$Table       anon$$obj.o


    Execution Region RW_IRAM1 (Exec base: 0x20000000, Load base: 0x00020474, Size: 0x00005048, Max: 0x00008000, ABSOLUTE, COMPRESSED[0x00000384])

    Exec Addr    Load Addr    Size         Type   Attr      Idx    E Section Name        Object

    0x20000000   COMPRESSED   0x00000005   Data   RW         6052    .data               uartstdio.o
    0x20000005   COMPRESSED   0x00000003   PAD
    0x20000008   COMPRESSED   0x00000134   Data   RW         6141    .data               calibration.o
    0x2000013c   COMPRESSED   0x00000018   Data   RW         6315    .data               bling.o
    0x20000154   COMPRESSED   0x00000240   Data   RW         6381    .data               filter.o
    0x20000394   COMPRESSED   0x00000004   PAD
    0x20000398   COMPRESSED   0x000000a4   Data   RW         6506    .data               gps.o
    0x2000043c   COMPRESSED   0x00000022   Data   RW         6546    .data               ist8310.o
    0x2000045e   COMPRESSED   0x00000002   PAD
    0x20000460   COMPRESSED   0x0000001d   Data   RW         6574    .data               key.o
    0x2000047d   COMPRESSED   0x00000003   PAD
    0x20000480   COMPRESSED   0x00000024   Data   RW         6606    .data               mpu6050.o
    0x200004a4   COMPRESSED   0x00000018   Data   RW         6954    .data               opticalflow_lc306.o
    0x200004bc   COMPRESSED   0x00000018   Data   RW         6992    .data               pid.o
    0x200004d4   COMPRESSED   0x00000058   Data   RW         7323    .data               rc.o
    0x2000052c   COMPRESSED   0x00000004   PAD
    0x20000530   COMPRESSED   0x0000010e   Data   RW         7428    .data               sins.o
    0x2000063e   COMPRESSED   0x00000002   PAD
    0x20000640   COMPRESSED   0x00000028   Data   RW         7533    .data               spl06.o
    0x20000668   COMPRESSED   0x00000004   Data   RW         7630    .data               time.o
    0x2000066c   COMPRESSED   0x00000032   Data   RW         7726    .data               us_100.o
    0x2000069e   COMPRESSED   0x00000002   PAD
    0x200006a0   COMPRESSED   0x00000022   Data   RW         7802    .data               usart.o
    0x200006c2   COMPRESSED   0x00000006   PAD
    0x200006c8   COMPRESSED   0x00000024   Data   RW         7961    .data               wp_adc.o
    0x200006ec   COMPRESSED   0x00000018   Data   RW         8220    .data               wp_pwm.o
    0x20000704   COMPRESSED   0x0000043d   Data   RW         8392    .data               ssd1306.o
    0x20000b41   COMPRESSED   0x00000003   PAD
    0x20000b44   COMPRESSED   0x00000028   Data   RW         8860    .data               tfmini.o
    0x20000b6c   COMPRESSED   0x00000041   Data   RW         8923    .data               control_althold.o
    0x20000bad   COMPRESSED   0x00000003   PAD
    0x20000bb0   COMPRESSED   0x0000006a   Data   RW         8962    .data               control_land.o
    0x20000c1a   COMPRESSED   0x00000002   PAD
    0x20000c1c   COMPRESSED   0x00000050   Data   RW         9044    .data               control_poshold.o
    0x20000c6c   COMPRESSED   0x00000088   Data   RW         9090    .data               wp_ctrl.o
    0x20000cf4   COMPRESSED   0x0000002c   Data   RW         9191    .data               copyright.o
    0x20000d20   COMPRESSED   0x0000006e   Data   RW         9494    .data               namelesscorun_opticalflow.o
    0x20000d8e   COMPRESSED   0x00000002   PAD
    0x20000d90   COMPRESSED   0x00000084   Data   RW         9555    .data               namelesscotrun_sdk.o
    0x20000e14   COMPRESSED   0x00000060   Data   RW         9678    .data               opticalflow_control.o
    0x20000e74   COMPRESSED   0x000000c6   Data   RW         9759    .data               sensor.o
    0x20000f3a   COMPRESSED   0x00000002   PAD
    0x20000f3c   COMPRESSED   0x00000018   Data   RW         9834    .data               compass.o
    0x20000f54   COMPRESSED   0x0000001a   Data   RW         9858    .data               temperature_ctrl.o
    0x20000f6e   COMPRESSED   0x00000002   PAD
    0x20000f70   COMPRESSED   0x00000004   Data   RW         9957    .data               c_wu.l(ANSI_rand.o)
    0x20000f74   COMPRESSED   0x0000008c   PAD
    0x20001000   COMPRESSED   0x0000026c   Data   RW         2834    vtable              interrupt.o
    0x2000126c        -       0x00000230   Zero   RW         6139    .bss                calibration.o
    0x2000149c        -       0x00000050   Zero   RW         6314    .bss                bling.o
    0x200014ec        -       0x000005c8   Zero   RW         6380    .bss                filter.o
    0x20001ab4        -       0x00000034   Zero   RW         6504    .bss                gps.o
    0x20001ae8        -       0x00000024   Zero   RW         6545    .bss                ist8310.o
    0x20001b0c        -       0x0000006c   Zero   RW         6605    .bss                mpu6050.o
    0x20001b78        -       0x00000e36   Zero   RW         6990    .bss                pid.o
    0x200029ae   COMPRESSED   0x00000002   PAD
    0x200029b0        -       0x000000b0   Zero   RW         7322    .bss                rc.o
    0x20002a60        -       0x00000dd8   Zero   RW         7427    .bss                sins.o
    0x20003838        -       0x0000002c   Zero   RW         7532    .bss                spl06.o
    0x20003864        -       0x00000068   Zero   RW         7695    .bss                time_cnt.o
    0x200038cc        -       0x000006f4   Zero   RW         7801    .bss                usart.o
    0x20003fc0        -       0x00000020   Zero   RW         7960    .bss                wp_adc.o
    0x20003fe0        -       0x00000190   Zero   RW         7999    .bss                wp_flash.o
    0x20004170        -       0x00000028   Zero   RW         8859    .bss                tfmini.o
    0x20004198        -       0x0000004c   Zero   RW         8886    .bss                calibrationroutines.o
    0x200041e4        -       0x00000018   Zero   RW         9043    .bss                control_poshold.o
    0x200041fc        -       0x00000068   Zero   RW         9190    .bss                copyright.o
    0x20004264        -       0x000005c0   Zero   RW         9493    .bss                namelesscorun_opticalflow.o
    0x20004824        -       0x000001f6   Zero   RW         9554    .bss                namelesscotrun_sdk.o
    0x20004a1a   COMPRESSED   0x00000002   PAD
    0x20004a1c        -       0x000003cc   Zero   RW         9758    .bss                sensor.o
    0x20004de8        -       0x00000060   Zero   RW        10386    .bss                c_wu.l(libspace.o)
    0x20004e48        -       0x00000000   Zero   RW         6037    HEAP                startup_rvmdk.o
    0x20004e48        -       0x00000200   Zero   RW         6036    STACK               startup_rvmdk.o


==============================================================================

Image component sizes


      Code (inc. data)   RO Data    RW Data    ZI Data      Debug   Object Name

       294          0          0          0          0      10530   adc.o
       744         62          0         24         80       4700   bling.o
      9844        884        144        308        560      29185   calibration.o
      1670          0          0          0         76       4910   calibrationroutines.o
       260         14          0         24          0       1799   compass.o
      1204        180          0         65          0       3442   control_althold.o
      4334        582          0        106          0      10194   control_land.o
       276         18          0         80         24       3509   control_poshold.o
      2660        502          0         44        104      15493   copyright.o
        38          0          0          0          0        684   cpu.o
       750         34       2000          0          0       3774   earth_declination.o
       464         48          0          0          0       5010   eeprom.o
       934         72          0        576       1480       8007   filter.o
        40         12          0          0          0       1080   fpu.o
       930         30        528          0          0      12958   gpio.o
      2080        228        620        164         52       6333   gps.o
       142         14          0          0          0       4617   i2c.o
       244         22        268        620          0       3829   interrupt.o
         0          0          0         34         36       1268   ist8310.o
      9720       1502          0         29          0       5419   key.o
        84         18          0          0          0       6116   main.o
       732         86          0         36        108       3293   mpu6050.o
       408         24          0          0          0       5403   myiic.o
      1552        170          0        110       1472       6376   namelesscorun_opticalflow.o
      2924        248          0        132        502      16053   namelesscotrun_sdk.o
      2086         66       6392          0          0       9840   oled.o
      3072        324          0         96          0       7037   opticalflow_control.o
       296         24        326         24          0       2085   opticalflow_lc306.o
      7564        336       1440         24       3638      28009   pid.o
       138          6          0          0          0       3487   pwm.o
      3442        410          0         88        176       5895   rc.o
        60          0          0          0          0       1388   ringbuf.o
        72          4          0          0          0        814   schedule.o
     11368        834          0        198        972      13259   sensor.o
      8326        592          0        270       3544      14267   sins.o
      1674         82          0         40         44       9113   spl06.o
      2256        140          0       1085          0      12413   ssd1306.o
       672        636          0          0        512        476   startup_rvmdk.o
       826         56        460          0          0       6467   sysctl.o
       106          0          0          0          0        560   system.o
        76          0          0          0          0       2331   systick.o
       600         68         80         26          0       3463   temperature_ctrl.o
       500         54          0         40         40       2298   tfmini.o
       138         20          0          4          0       4542   time.o
       184         28          0          0        104       1366   time_cnt.o
       278         32        160          0          0       6525   timer.o
       320         20        128          0          0       9578   uart.o
       790         36         45          5          0       5308   uartstdio.o
       486         66          0         50          0       2356   us_100.o
      8536        516          0         34       1780      18858   usart.o
       280         58          0         36         32       1798   wp_adc.o
      4996        564          0        136          0       9852   wp_ctrl.o
       320          6          0          0        400       8134   wp_flash.o
       620         62          0          0          0       3984   wp_math.o
       504         64          0         24          0       1696   wp_pwm.o

    ----------------------------------------------------------------------
    102954       9854      12632       4572      15740     371181   Object Totals
         0          0         32          0          0          0   (incl. Generated)
        40          0          9         40          4          0   (incl. Padding)

    ----------------------------------------------------------------------

      Code (inc. data)   RO Data    RW Data    ZI Data      Debug   Library Member Name

        36          8          0          4          0         84   ANSI_rand.o
        90          0          0          0          0          0   __dczerorl2.o
         8          0          0          0          0         68   __main.o
         0          0          0          0          0          0   __rtentry.o
        12          0          0          0          0          0   __rtentry2.o
         6          0          0          0          0          0   __rtentry4.o
        52          8          0          0          0          0   __scatter.o
        28          0          0          0          0          0   __scatter_zi.o
        22          0          0          0          0        100   _rserrno.o
        18          0          0          0          0         80   exit.o
        78          0          0          0          0         80   h1_free.o
         6          0          0          0          0        152   heapauxi.o
         0          0          0          0          0          0   indicate_semi.o
         2          0          0          0          0          0   libinit.o
         6          0          0          0          0          0   libinit2.o
         2          0          0          0          0          0   libshutdown.o
         2          0          0          0          0          0   libshutdown2.o
         8          4          0          0         96         68   libspace.o
         8          0          0          0          0         76   memcpy.o
         8          4          0          0          0         68   rt_errno_addr_intlibspace.o
         8          4          0          0          0         68   rt_heap_descriptor_intlibspace.o
        68          0          0          0          0         68   rt_memclr.o
        78          0          0          0          0         80   rt_memclr_w.o
       138          0          0          0          0         68   rt_memcpy_v6.o
       100          0          0          0          0         80   rt_memcpy_w.o
         2          0          0          0          0          0   rtexit.o
        10          0          0          0          0          0   rtexit2.o
        12          4          0          0          0         68   sys_exit.o
        74          0          0          0          0         80   sys_stackheap_outer.o
         2          0          0          0          0         68   use_no_semi.o
        24          0          0          0          0        164   basic.o
        98          4          0          0          0        140   d2f.o
       826         16          0          0          0        492   daddsub_clz.o
        16          4          0          0          0        116   dcheck1.o
        24          0          0          0          0        116   dcmpi.o
       688        140          0          0          0        256   ddiv.o
        94          4          0          0          0        140   dfix.o
        90          4          0          0          0        140   dfixu.o
        84          0          0          0          0        232   dflt_clz.o
       120          4          0          0          0        140   dleqf.o
       340         12          0          0          0        152   dmul.o
       156          4          0          0          0        140   dnaninf.o
        12          0          0          0          0        116   dretinf.o
       108          0          0          0          0        128   drleqf.o
       408         56          0          0          0        168   dsqrt_umaal.o
        86          4          0          0          0        132   f2d.o
       140          4          0          0          0        132   fnaninf.o
        10          0          0          0          0        116   fpinit.o
        10          0          0          0          0        116   fretinf.o
       100          0          0          0          0        116   retnan.o
        92          0          0          0          0        116   scalbn.o
        48          0          0          0          0        116   trapv.o
         0          0          0          0          0          0   usenofp.o
       864         94         80          0          0        280   asin.o
       744        106        152          0          0        352   atan.o
       496         64          0          0          0        192   atan2.o
       200         20          0          0          0        164   cos.o
       368         46         48          0          0        200   cos_i.o
       336         56          0          0          0        136   cosf.o
       184         44          0          0          0        744   dunder.o
        24          0          0          0          0        124   fabs.o
       112         14          0          0          0        116   floorf.o
        48          0          0          0          0        124   fpclassify.o
        38          0          0          0          0        116   fpclassifyf.o
        80         24          0          0          0        696   funder.o
       248          0          0          0          0        152   poly.o
      3152        296        136          0          0        352   pow.o
      1636        110        320          0          0        372   powf.o
         0          0          8          0          0          0   qnan.o
      1080        142        200          0          0        188   rred.o
       340         24         32          0          0        160   rredf.o
       200         20          0          0          0        164   sin.o
       304         24         40          0          0        208   sin_i.o
       232          0          0          0          0        296   sqrt.o
        58          0          0          0          0        136   sqrtf.o
       380         58          0          0          0        200   tanf.o

    ----------------------------------------------------------------------
     15610       1434       1016        144         96      10312   Library Totals
        28          4          0        140          0          0   (incl. Padding)

    ----------------------------------------------------------------------

      Code (inc. data)   RO Data    RW Data    ZI Data      Debug   Library Name

       884         32          0          4         96       1356   c_wu.l
      3574        256          0          0          0       3484   fz_wm.l
     11124       1142       1016          0          0       5472   m_wm.l

    ----------------------------------------------------------------------
     15610       1434       1016        144         96      10312   Library Totals

    ----------------------------------------------------------------------

==============================================================================


      Code (inc. data)   RO Data    RW Data    ZI Data      Debug   

    118564      11288      13648       4716      15836     340017   Grand Totals
    118564      11288      13648        900      15836     340017   ELF Image Totals (compressed)
    118564      11288      13648        900          0          0   ROM Totals

==============================================================================

    Total RO  Size (Code + RO Data)               132212 ( 129.11kB)
    Total RW  Size (RW Data + ZI Data)             20552 (  20.07kB)
    Total ROM Size (Code + RO Data + RW Data)     133112 ( 129.99kB)

==============================================================================

